Archive member included to satisfy reference by file (symbol)

c:/users/александра/appdata/roaming/xpacks/@gnu-mcu-eclipse/arm-none-eabi-gcc/8.2.1-1.3.1/.content/bin/../lib/gcc/arm-none-eabi/8.2.1/thumb/v7-m/nofp\libgcc.a(_arm_addsubdf3.o)
                              ./src/main.o (__aeabi_f2d)
c:/users/александра/appdata/roaming/xpacks/@gnu-mcu-eclipse/arm-none-eabi-gcc/8.2.1-1.3.1/.content/bin/../lib/gcc/arm-none-eabi/8.2.1/thumb/v7-m/nofp\libgcc.a(_arm_muldivdf3.o)
                              ./src/main.o (__aeabi_dmul)
c:/users/александра/appdata/roaming/xpacks/@gnu-mcu-eclipse/arm-none-eabi-gcc/8.2.1-1.3.1/.content/bin/../lib/gcc/arm-none-eabi/8.2.1/thumb/v7-m/nofp\libgcc.a(_arm_cmpdf2.o)
                              ./src/main.o (__aeabi_dcmpgt)
c:/users/александра/appdata/roaming/xpacks/@gnu-mcu-eclipse/arm-none-eabi-gcc/8.2.1-1.3.1/.content/bin/../lib/gcc/arm-none-eabi/8.2.1/thumb/v7-m/nofp\libgcc.a(_arm_truncdfsf2.o)
                              ./src/main.o (__aeabi_d2f)
c:/users/александра/appdata/roaming/xpacks/@gnu-mcu-eclipse/arm-none-eabi-gcc/8.2.1-1.3.1/.content/bin/../lib/gcc/arm-none-eabi/8.2.1/thumb/v7-m/nofp\libgcc.a(_arm_addsubsf3.o)
                              ./src/main.o (__aeabi_fsub)
c:/users/александра/appdata/roaming/xpacks/@gnu-mcu-eclipse/arm-none-eabi-gcc/8.2.1-1.3.1/.content/bin/../lib/gcc/arm-none-eabi/8.2.1/thumb/v7-m/nofp\libgcc.a(_arm_muldivsf3.o)
                              ./src/main.o (__aeabi_fmul)
c:/users/александра/appdata/roaming/xpacks/@gnu-mcu-eclipse/arm-none-eabi-gcc/8.2.1-1.3.1/.content/bin/../lib/gcc/arm-none-eabi/8.2.1/../../../../arm-none-eabi/lib/thumb/v7-m/nofp\libg_nano.a(lib_a-errno.o)
                              ./system/src/newlib/_sbrk.o (__errno)
c:/users/александра/appdata/roaming/xpacks/@gnu-mcu-eclipse/arm-none-eabi-gcc/8.2.1-1.3.1/.content/bin/../lib/gcc/arm-none-eabi/8.2.1/../../../../arm-none-eabi/lib/thumb/v7-m/nofp\libg_nano.a(lib_a-impure.o)
                              c:/users/александра/appdata/roaming/xpacks/@gnu-mcu-eclipse/arm-none-eabi-gcc/8.2.1-1.3.1/.content/bin/../lib/gcc/arm-none-eabi/8.2.1/../../../../arm-none-eabi/lib/thumb/v7-m/nofp\libg_nano.a(lib_a-errno.o) (_impure_ptr)
c:/users/александра/appdata/roaming/xpacks/@gnu-mcu-eclipse/arm-none-eabi-gcc/8.2.1-1.3.1/.content/bin/../lib/gcc/arm-none-eabi/8.2.1/../../../../arm-none-eabi/lib/thumb/v7-m/nofp\libg_nano.a(lib_a-nano-vfprintf_float.o)
                              (_printf_float)
c:/users/александра/appdata/roaming/xpacks/@gnu-mcu-eclipse/arm-none-eabi-gcc/8.2.1-1.3.1/.content/bin/../lib/gcc/arm-none-eabi/8.2.1/../../../../arm-none-eabi/lib/thumb/v7-m/nofp\libg_nano.a(lib_a-nano-vfprintf_i.o)
                              c:/users/александра/appdata/roaming/xpacks/@gnu-mcu-eclipse/arm-none-eabi-gcc/8.2.1-1.3.1/.content/bin/../lib/gcc/arm-none-eabi/8.2.1/../../../../arm-none-eabi/lib/thumb/v7-m/nofp\libg_nano.a(lib_a-nano-vfprintf_float.o) (_printf_common)
c:/users/александра/appdata/roaming/xpacks/@gnu-mcu-eclipse/arm-none-eabi-gcc/8.2.1-1.3.1/.content/bin/../lib/gcc/arm-none-eabi/8.2.1/../../../../arm-none-eabi/lib/thumb/v7-m/nofp\libg_nano.a(lib_a-sprintf.o)
                              ./src/main.o (sprintf)
c:/users/александра/appdata/roaming/xpacks/@gnu-mcu-eclipse/arm-none-eabi-gcc/8.2.1-1.3.1/.content/bin/../lib/gcc/arm-none-eabi/8.2.1/../../../../arm-none-eabi/lib/thumb/v7-m/nofp\libg_nano.a(lib_a-strlen.o)
                              ./system/src/diag/Trace.o (strlen)
c:/users/александра/appdata/roaming/xpacks/@gnu-mcu-eclipse/arm-none-eabi-gcc/8.2.1-1.3.1/.content/bin/../lib/gcc/arm-none-eabi/8.2.1/../../../../arm-none-eabi/lib/thumb/v7-m/nofp\libg_nano.a(lib_a-vsnprintf.o)
                              ./system/src/diag/Trace.o (vsnprintf)
c:/users/александра/appdata/roaming/xpacks/@gnu-mcu-eclipse/arm-none-eabi-gcc/8.2.1-1.3.1/.content/bin/../lib/gcc/arm-none-eabi/8.2.1/../../../../arm-none-eabi/lib/thumb/v7-m/nofp\libg_nano.a(lib_a-dtoa.o)
                              c:/users/александра/appdata/roaming/xpacks/@gnu-mcu-eclipse/arm-none-eabi-gcc/8.2.1-1.3.1/.content/bin/../lib/gcc/arm-none-eabi/8.2.1/../../../../arm-none-eabi/lib/thumb/v7-m/nofp\libg_nano.a(lib_a-nano-vfprintf_float.o) (_dtoa_r)
c:/users/александра/appdata/roaming/xpacks/@gnu-mcu-eclipse/arm-none-eabi-gcc/8.2.1-1.3.1/.content/bin/../lib/gcc/arm-none-eabi/8.2.1/../../../../arm-none-eabi/lib/thumb/v7-m/nofp\libg_nano.a(lib_a-localeconv.o)
                              c:/users/александра/appdata/roaming/xpacks/@gnu-mcu-eclipse/arm-none-eabi-gcc/8.2.1-1.3.1/.content/bin/../lib/gcc/arm-none-eabi/8.2.1/../../../../arm-none-eabi/lib/thumb/v7-m/nofp\libg_nano.a(lib_a-nano-vfprintf_float.o) (_localeconv_r)
c:/users/александра/appdata/roaming/xpacks/@gnu-mcu-eclipse/arm-none-eabi-gcc/8.2.1-1.3.1/.content/bin/../lib/gcc/arm-none-eabi/8.2.1/../../../../arm-none-eabi/lib/thumb/v7-m/nofp\libg_nano.a(lib_a-malloc.o)
[...]
Memory Configuration

Name             Origin             Length             Attributes
RAM              0x0000000020000000 0x0000000000005000 xrw
CCMRAM           0x0000000000000000 0x0000000000000000 xrw
FLASH            0x0000000008000000 0x0000000000020000 xr
FLASHB1          0x0000000000000000 0x0000000000000000 xr
EXTMEMB0         0x0000000000000000 0x0000000000000000 xr
EXTMEMB1         0x0000000000000000 0x0000000000000000 xr
EXTMEMB2         0x0000000000000000 0x0000000000000000 xr
EXTMEMB3         0x0000000000000000 0x0000000000000000 xr
MEMORY_ARRAY     0x0000000000000000 0x0000000000000000 xrw
*default*        0x0000000000000000 0xffffffffffffffff

Linker script and memory map

LOAD ./system/src/stm32f1-stdperiph/misc.o
LOAD ./system/src/stm32f1-stdperiph/stm32f10x_adc.o
LOAD ./system/src/stm32f1-stdperiph/stm32f10x_bkp.o
LOAD ./system/src/stm32f1-stdperiph/stm32f10x_can.o
LOAD ./system/src/stm32f1-stdperiph/stm32f10x_cec.o
LOAD ./system/src/stm32f1-stdperiph/stm32f10x_crc.o
LOAD ./system/src/stm32f1-stdperiph/stm32f10x_dac.o
LOAD ./system/src/stm32f1-stdperiph/stm32f10x_dbgmcu.o
LOAD ./system/src/stm32f1-stdperiph/stm32f10x_dma.o
LOAD ./system/src/stm32f1-stdperiph/stm32f10x_exti.o
LOAD ./system/src/stm32f1-stdperiph/stm32f10x_flash.o
LOAD ./system/src/stm32f1-stdperiph/stm32f10x_fsmc.o
LOAD ./system/src/stm32f1-stdperiph/stm32f10x_gpio.o
LOAD ./system/src/stm32f1-stdperiph/stm32f10x_i2c.o
LOAD ./system/src/stm32f1-stdperiph/stm32f10x_iwdg.o
LOAD ./system/src/stm32f1-stdperiph/stm32f10x_pwr.o
LOAD ./system/src/stm32f1-stdperiph/stm32f10x_rcc.o
LOAD ./system/src/stm32f1-stdperiph/stm32f10x_rtc.o
LOAD ./system/src/stm32f1-stdperiph/stm32f10x_sdio.o
LOAD ./system/src/stm32f1-stdperiph/stm32f10x_spi.o
LOAD ./system/src/stm32f1-stdperiph/stm32f10x_tim.o
LOAD ./system/src/stm32f1-stdperiph/stm32f10x_usart.o
LOAD ./system/src/stm32f1-stdperiph/stm32f10x_wwdg.o
LOAD ./system/src/newlib/_cxx.o
LOAD ./system/src/newlib/_exit.o
LOAD ./system/src/newlib/_sbrk.o
LOAD ./system/src/newlib/_startup.o
LOAD ./system/src/newlib/_syscalls.o
LOAD ./system/src/newlib/assert.o
LOAD ./system/src/diag/Trace.o
LOAD ./system/src/diag/trace_impl.o
LOAD ./system/src/cortexm/_initialize_hardware.o
LOAD ./system/src/cortexm/_reset_hardware.o
LOAD ./system/src/cortexm/exception_handlers.o
LOAD ./system/src/cmsis/system_stm32f10x.o
LOAD ./system/src/cmsis/vectors_stm32f10x.o
LOAD ./src/_write.o
LOAD ./src/main.o
LOAD c:/users/александра/appdata/roaming/xpacks/@gnu-mcu-eclipse/arm-none-eabi-gcc/8.2.1-1.3.1/.content/bin/../lib/gcc/arm-none-eabi/8.2.1/../../../../arm-none-eabi/lib/thumb/v7-m/nofp\libstdc++_nano.a
LOAD c:/users/александра/appdata/roaming/xpacks/@gnu-mcu-eclipse/arm-none-eabi-gcc/8.2.1-1.3.1/.content/bin/../lib/gcc/arm-none-eabi/8.2.1/../../../../arm-none-eabi/lib/thumb/v7-m/nofp\libm.a
START GROUP
LOAD c:/users/александра/appdata/roaming/xpacks/@gnu-mcu-eclipse/arm-none-eabi-gcc/8.2.1-1.3.1/.content/bin/../lib/gcc/arm-none-eabi/8.2.1/thumb/v7-m/nofp\libgcc.a
LOAD c:/users/александра/appdata/roaming/xpacks/@gnu-mcu-eclipse/arm-none-eabi-gcc/8.2.1-1.3.1/.content/bin/../lib/gcc/arm-none-eabi/8.2.1/../../../../arm-none-eabi/lib/thumb/v7-m/nofp\libg_nano.a
LOAD c:/users/александра/appdata/roaming/xpacks/@gnu-mcu-eclipse/arm-none-eabi-gcc/8.2.1-1.3.1/.content/bin/../lib/gcc/arm-none-eabi/8.2.1/../../../../arm-none-eabi/lib/thumb/v7-m/nofp\libc_nano.a
END GROUP
START GROUP
LOAD c:/users/александра/appdata/roaming/xpacks/@gnu-mcu-eclipse/arm-none-eabi-gcc/8.2.1-1.3.1/.content/bin/../lib/gcc/arm-none-eabi/8.2.1/thumb/v7-m/nofp\libgcc.a
LOAD c:/users/александра/appdata/roaming/xpacks/@gnu-mcu-eclipse/arm-none-eabi-gcc/8.2.1-1.3.1/.content/bin/../lib/gcc/arm-none-eabi/8.2.1/../../../../arm-none-eabi/lib/thumb/v7-m/nofp\libc_nano.a
END GROUP
                0x0000000020005000                __stack = (ORIGIN (RAM) + LENGTH (RAM))
                0x0000000020005000                _estack = __stack
                0x0000000000000400                __Main_Stack_Size = 0x400
                [!provide]                        PROVIDE (_Main_Stack_Size = __Main_Stack_Size)
                0x0000000020004c00                __Main_Stack_Limit = (__stack - __Main_Stack_Size)
                [!provide]                        PROVIDE (_Main_Stack_Limit = __Main_Stack_Limit)
                0x0000000000000100                _Minimum_Stack_Size = 0x100
                0x00000000200002d4                PROVIDE (_Heap_Begin = _end_noinit)
                0x0000000020004c00                PROVIDE (_Heap_Limit = (__stack - __Main_Stack_Size))

.isr_vector     0x0000000008000000      0x350
 FILL mask 0xff
                0x0000000008000000                __vectors_start = ABSOLUTE (.)
                0x0000000008000000                __vectors_start__ = ABSOLUTE (.)
 *(.isr_vector)
 .isr_vector    0x0000000008000000      0x10c ./system/src/cmsis/vectors_stm32f10x.o
                0x0000000008000000                __isr_vectors
 *(.cfmconfig)
 *(.after_vectors .after_vectors.*)
 .after_vectors
                0x000000000800010c      0x114 ./system/src/newlib/_startup.o
                0x000000000800010c                _start
 .after_vectors
                0x0000000008000220      0x12c ./system/src/cortexm/exception_handlers.o
                0x0000000008000220                Reset_Handler
                0x0000000008000226                NMI_Handler
                0x000000000800022a                HardFault_Handler
                0x000000000800023e                HardFault_Handler_C
                0x000000000800029c                MemManage_Handler
                0x00000000080002a0                BusFault_Handler
                0x00000000080002b4                BusFault_Handler_C
                0x00000000080002e8                UsageFault_Handler
                0x00000000080002fc                UsageFault_Handler_C
                0x0000000008000330                SVC_Handler
                0x0000000008000334                DebugMon_Handler
                0x0000000008000338                PendSV_Handler
                0x000000000800033c                SysTick_Handler
 .after_vectors
                0x000000000800034c        0x4 ./system/src/cmsis/vectors_stm32f10x.o
                0x000000000800034c                EXTI2_IRQHandler
                0x000000000800034c                TIM8_TRG_COM_IRQHandler
                0x000000000800034c                TIM8_CC_IRQHandler
                0x000000000800034c                TIM1_CC_IRQHandler
                0x000000000800034c                TIM6_IRQHandler
                0x000000000800034c                PVD_IRQHandler
                0x000000000800034c                SDIO_IRQHandler
                0x000000000800034c                CAN2_RX1_IRQHandler
                0x000000000800034c                EXTI3_IRQHandler
                0x000000000800034c                TIM8_TRG_COM_TIM14_IRQHandler
                0x000000000800034c                TIM1_UP_TIM10_IRQHandler
                0x000000000800034c                TIM8_UP_TIM13_IRQHandler
                0x000000000800034c                EXTI0_IRQHandler
                0x000000000800034c                I2C2_EV_IRQHandler
                0x000000000800034c                CAN1_RX0_IRQHandler
                0x000000000800034c                TIM1_UP_TIM16_IRQHandler
                0x000000000800034c                CAN2_SCE_IRQHandler
                0x000000000800034c                ADC1_2_IRQHandler
                0x000000000800034c                SPI1_IRQHandler
                0x000000000800034c                TAMPER_IRQHandler
                0x000000000800034c                TIM6_DAC_IRQHandler
                0x000000000800034c                TIM1_BRK_TIM9_IRQHandler
                0x000000000800034c                CAN2_RX0_IRQHandler
                0x000000000800034c                TIM8_UP_IRQHandler
                0x000000000800034c                DMA2_Channel2_IRQHandler
                0x000000000800034c                DMA1_Channel4_IRQHandler
                0x000000000800034c                USART3_IRQHandler
                0x000000000800034c                RTC_IRQHandler
                0x000000000800034c                DMA1_Channel7_IRQHandler
                0x000000000800034c                CAN1_RX1_IRQHandler
                0x000000000800034c                UART5_IRQHandler
                0x000000000800034c                ADC3_IRQHandler
                0x000000000800034c                TIM4_IRQHandler
                0x000000000800034c                DMA2_Channel1_IRQHandler
                0x000000000800034c                I2C1_EV_IRQHandler
                0x000000000800034c                DMA1_Channel6_IRQHandler
                0x000000000800034c                UART4_IRQHandler
                0x000000000800034c                DMA2_Channel4_IRQHandler
                0x000000000800034c                TIM3_IRQHandler
                0x000000000800034c                RCC_IRQHandler
                0x000000000800034c                TIM8_BRK_TIM12_IRQHandler
                0x000000000800034c                TIM1_TRG_COM_IRQHandler
                0x000000000800034c                DMA1_Channel1_IRQHandler
                0x000000000800034c                Default_Handler
                0x000000000800034c                CEC_IRQHandler
                0x000000000800034c                EXTI15_10_IRQHandler
                0x000000000800034c                TIM14_IRQHandler
                0x000000000800034c                TIM13_IRQHandler
                0x000000000800034c                TIM12_IRQHandler
                0x000000000800034c                TIM7_IRQHandler
                0x000000000800034c                CAN2_TX_IRQHandler
                0x000000000800034c                TIM5_IRQHandler
                0x000000000800034c                EXTI9_5_IRQHandler
                0x000000000800034c                ETH_WKUP_IRQHandler
                0x000000000800034c                SPI2_IRQHandler
                0x000000000800034c                CAN1_TX_IRQHandler
                0x000000000800034c                DMA2_Channel5_IRQHandler
                0x000000000800034c                DMA1_Channel5_IRQHandler
                0x000000000800034c                EXTI4_IRQHandler
                0x000000000800034c                USB_LP_CAN1_RX0_IRQHandler
                0x000000000800034c                TIM1_TRG_COM_TIM17_IRQHandler
                0x000000000800034c                USB_HP_CAN1_TX_IRQHandler
                0x000000000800034c                DMA1_Channel3_IRQHandler
                0x000000000800034c                FSMC_IRQHandler
                0x000000000800034c                ETH_IRQHandler
                0x000000000800034c                TIM1_UP_IRQHandler
                0x000000000800034c                WWDG_IRQHandler
                0x000000000800034c                TIM2_IRQHandler
                0x000000000800034c                OTG_FS_WKUP_IRQHandler
                0x000000000800034c                TIM1_TRG_COM_TIM11_IRQHandler
                0x000000000800034c                TIM1_BRK_IRQHandler
                0x000000000800034c                EXTI1_IRQHandler
                0x000000000800034c                RTCAlarm_IRQHandler
                0x000000000800034c                DMA2_Channel4_5_IRQHandler
                0x000000000800034c                USART2_IRQHandler
                0x000000000800034c                I2C2_ER_IRQHandler
                0x000000000800034c                DMA1_Channel2_IRQHandler
                0x000000000800034c                TIM8_BRK_IRQHandler
                0x000000000800034c                CAN1_SCE_IRQHandler
                0x000000000800034c                FLASH_IRQHandler
                0x000000000800034c                USART1_IRQHandler
                0x000000000800034c                OTG_FS_IRQHandler
                0x000000000800034c                SPI3_IRQHandler
                0x000000000800034c                I2C1_ER_IRQHandler
                0x000000000800034c                USBWakeUp_IRQHandler
                0x000000000800034c                DMA2_Channel3_IRQHandler
                0x000000000800034c                TIM1_BRK_TIM15_IRQHandler

.inits          0x0000000008000350       0x28
                0x0000000008000350                __data_regions_array_start = .
                0x0000000008000350        0x4 LONG 0x8004888 LOADADDR (.data)
                0x0000000008000354        0x4 LONG 0x20000000 ADDR (.data)
                0x0000000008000358        0x4 LONG 0x20000208 (ADDR (.data) + SIZEOF (.data))
                0x000000000800035c        0x4 LONG 0x8004888 LOADADDR (.data_CCMRAM)
                0x0000000008000360        0x4 LONG 0x0 ADDR (.data_CCMRAM)
                0x0000000008000364        0x4 LONG 0x0 (ADDR (.data_CCMRAM) + SIZEOF (.data_CCMRAM))
                0x0000000008000368                __data_regions_array_end = .
                0x0000000008000368                __bss_regions_array_start = .
                0x0000000008000368        0x4 LONG 0x20000208 ADDR (.bss)
                0x000000000800036c        0x4 LONG 0x200002d4 (ADDR (.bss) + SIZEOF (.bss))
                0x0000000008000370        0x4 LONG 0x0 ADDR (.bss_CCMRAM)
                0x0000000008000374        0x4 LONG 0x0 (ADDR (.bss_CCMRAM) + SIZEOF (.bss_CCMRAM))
                0x0000000008000378                __bss_regions_array_end = .
 *(.init)
 *(.fini)
                0x0000000008000378                . = ALIGN (0x4)
                0x0000000008000378                PROVIDE (__preinit_array_start = .)
 *(.preinit_array_sysinit .preinit_array_sysinit.*)
 *(.preinit_array_platform .preinit_array_platform.*)
 *(.preinit_array .preinit_array.*)
                0x0000000008000378                PROVIDE (__preinit_array_end = .)
                0x0000000008000378                . = ALIGN (0x4)
                0x0000000008000378                PROVIDE (__init_array_start = .)
 *(SORT_BY_NAME(.init_array.*))
 *(.init_array)
                0x0000000008000378                PROVIDE (__init_array_end = .)
                0x0000000008000378                . = ALIGN (0x4)
                0x0000000008000378                PROVIDE (__fini_array_start = .)
 *(SORT_BY_NAME(.fini_array.*))
 *(.fini_array)
                0x0000000008000378                PROVIDE (__fini_array_end = .)

.flashtext
 *(.flashtext .flashtext.*)

.text           0x0000000008000378     0x4510
 *(.text .text.*)
 .text.ADC_Init
                0x0000000008000378      0x134 ./system/src/stm32f1-stdperiph/stm32f10x_adc.o
                0x0000000008000378                ADC_Init
 .text.ADC_Cmd  0x00000000080004ac       0x54 ./system/src/stm32f1-stdperiph/stm32f10x_adc.o
                0x00000000080004ac                ADC_Cmd
 .text.ADC_ResetCalibration
                0x0000000008000500       0x38 ./system/src/stm32f1-stdperiph/stm32f10x_adc.o
                0x0000000008000500                ADC_ResetCalibration
 .text.ADC_GetResetCalibrationStatus
                0x0000000008000538       0x3c ./system/src/stm32f1-stdperiph/stm32f10x_adc.o
                0x0000000008000538                ADC_GetResetCalibrationStatus
 .text.ADC_StartCalibration
                0x0000000008000574       0x38 ./system/src/stm32f1-stdperiph/stm32f10x_adc.o
                0x0000000008000574                ADC_StartCalibration
 .text.ADC_SoftwareStartConvCmd
                0x00000000080005ac       0x54 ./system/src/stm32f1-stdperiph/stm32f10x_adc.o
                0x00000000080005ac                ADC_SoftwareStartConvCmd
 .text.ADC_RegularChannelConfig
                0x0000000008000600       0xf0 ./system/src/stm32f1-stdperiph/stm32f10x_adc.o
                0x0000000008000600                ADC_RegularChannelConfig
 .text.ADC_GetConversionValue
                0x00000000080006f0       0x34 ./system/src/stm32f1-stdperiph/stm32f10x_adc.o
                0x00000000080006f0                ADC_GetConversionValue
 .text.GPIO_Init
                0x0000000008000724      0x134 ./system/src/stm32f1-stdperiph/stm32f10x_gpio.o
                0x0000000008000724                GPIO_Init
 .text.GPIO_ReadInputDataBit
                0x0000000008000858       0xb8 ./system/src/stm32f1-stdperiph/stm32f10x_gpio.o
                0x0000000008000858                GPIO_ReadInputDataBit
 .text.RCC_ADCCLKConfig
                0x0000000008000910       0x3c ./system/src/stm32f1-stdperiph/stm32f10x_rcc.o
                0x0000000008000910                RCC_ADCCLKConfig
 .text.RCC_GetClocksFreq
                0x000000000800094c       0xc4 ./system/src/stm32f1-stdperiph/stm32f10x_rcc.o
                0x000000000800094c                RCC_GetClocksFreq
 .text.RCC_APB2PeriphClockCmd
                0x0000000008000a10       0x4c ./system/src/stm32f1-stdperiph/stm32f10x_rcc.o
                0x0000000008000a10                RCC_APB2PeriphClockCmd
 .text.USART_Init
                0x0000000008000a5c      0x1b8 ./system/src/stm32f1-stdperiph/stm32f10x_usart.o
                0x0000000008000a5c                USART_Init
 .text.USART_Cmd
                0x0000000008000c14       0x68 ./system/src/stm32f1-stdperiph/stm32f10x_usart.o
                0x0000000008000c14                USART_Cmd
 .text.USART_SendData
                0x0000000008000c7c       0x58 ./system/src/stm32f1-stdperiph/stm32f10x_usart.o
                0x0000000008000c7c                USART_SendData
 .text.USART_GetFlagStatus
                0x0000000008000cd4       0xac ./system/src/stm32f1-stdperiph/stm32f10x_usart.o
                0x0000000008000cd4                USART_GetFlagStatus
 .text._exit    0x0000000008000d80        0x2 ./system/src/newlib/_exit.o
                0x0000000008000d80                _exit
 *fill*         0x0000000008000d82        0x2 
 .text.abort    0x0000000008000d84       0x14 ./system/src/newlib/_exit.o
                0x0000000008000d84                abort
 .text._sbrk    0x0000000008000d98       0x44 ./system/src/newlib/_sbrk.o
                0x0000000008000d98                _sbrk
 .text.__initialize_args
                0x0000000008000ddc       0x10 ./system/src/newlib/_syscalls.o
                0x0000000008000ddc                __initialize_args
 .text.assert_failed
                0x0000000008000dec       0x14 ./system/src/newlib/assert.o
                0x0000000008000dec                assert_failed
 .text.trace_printf
                0x0000000008000e00       0x34 ./system/src/diag/Trace.o
                0x0000000008000e00                trace_printf
 .text.trace_puts
                0x0000000008000e34       0x20 ./system/src/diag/Trace.o
                0x0000000008000e34                trace_puts
 .text._trace_write_semihosting_debug
                0x0000000008000e54       0x60 ./system/src/diag/trace_impl.o
 .text.trace_write
                0x0000000008000eb4        0x8 ./system/src/diag/trace_impl.o
                0x0000000008000eb4                trace_write
 .text.__initialize_hardware_early
                0x0000000008000ebc       0x18 ./system/src/cortexm/_initialize_hardware.o
                0x0000000008000ebc                __initialize_hardware_early
 .text.__initialize_hardware
                0x0000000008000ed4        0x8 ./system/src/cortexm/_initialize_hardware.o
                0x0000000008000ed4                __initialize_hardware
 .text.dumpExceptionStack
                0x0000000008000edc       0xf4 ./system/src/cortexm/exception_handlers.o
                0x0000000008000edc                dumpExceptionStack
 .text.isSemihosting
                0x0000000008000fd0       0x20 ./system/src/cortexm/exception_handlers.o
                0x0000000008000fd0                isSemihosting
 .text.SetSysClockTo72
                0x0000000008000ff0       0xc4 ./system/src/cmsis/system_stm32f10x.o
 .text.SetSysClock
                0x00000000080010b4        0x8 ./system/src/cmsis/system_stm32f10x.o
 .text.SystemInit
                0x00000000080010bc       0x50 ./system/src/cmsis/system_stm32f10x.o
                0x00000000080010bc                SystemInit
 .text.SystemCoreClockUpdate
                0x000000000800110c       0x9c ./system/src/cmsis/system_stm32f10x.o
                0x000000000800110c                SystemCoreClockUpdate
 .text._Z9usartInitv
                0x00000000080011a8       0x80 ./src/main.o
                0x00000000080011a8                usartInit()
 .text._Z4sendPcj
                0x0000000008001228       0x2c ./src/main.o
                0x0000000008001228                send(char*, unsigned int)
 *fill*         0x0000000008001254        0x4 
 .text.main     0x0000000008001258      0x204 ./src/main.o
                0x0000000008001258                main
 .text          0x000000000800145c      0x378 c:/users/александра/appdata/roaming/xpacks/@gnu-mcu-eclipse/arm-none-eabi-gcc/8.2.1-1.3.1/.content/bin/../lib/gcc/arm-none-eabi/8.2.1/thumb/v7-m/nofp\libgcc.a(_arm_addsubdf3.o)
                0x000000000800145c                __aeabi_drsub
                0x0000000008001464                __aeabi_dsub
                0x0000000008001464                __subdf3
                0x0000000008001468                __aeabi_dadd
                0x0000000008001468                __adddf3
                0x00000000080016e0                __floatunsidf
                0x00000000080016e0                __aeabi_ui2d
                0x0000000008001700                __floatsidf
                0x0000000008001700                __aeabi_i2d
                0x0000000008001724                __aeabi_f2d
                0x0000000008001724                __extendsfdf2
                0x0000000008001768                __floatundidf
                0x0000000008001768                __aeabi_ul2d
                0x0000000008001778                __floatdidf
                0x0000000008001778                __aeabi_l2d
 .text          0x00000000080017d4      0x424 c:/users/александра/appdata/roaming/xpacks/@gnu-mcu-eclipse/arm-none-eabi-gcc/8.2.1-1.3.1/.content/bin/../lib/gcc/arm-none-eabi/8.2.1/thumb/v7-m/nofp\libgcc.a(_arm_muldivdf3.o)
                0x00000000080017d4                __aeabi_dmul
                0x00000000080017d4                __muldf3
                0x0000000008001a28                __divdf3
                0x0000000008001a28                __aeabi_ddiv
 .text          0x0000000008001bf8      0x110 c:/users/александра/appdata/roaming/xpacks/@gnu-mcu-eclipse/arm-none-eabi-gcc/8.2.1-1.3.1/.content/bin/../lib/gcc/arm-none-eabi/8.2.1/thumb/v7-m/nofp\libgcc.a(_arm_cmpdf2.o)
                0x0000000008001bf8                __gtdf2
                0x0000000008001bf8                __gedf2
                0x0000000008001c00                __ltdf2
                0x0000000008001c00                __ledf2
                0x0000000008001c08                __nedf2
                0x0000000008001c08                __eqdf2
                0x0000000008001c08                __cmpdf2
                0x0000000008001c84                __aeabi_cdrcmple
                0x0000000008001c94                __aeabi_cdcmpeq
                0x0000000008001c94                __aeabi_cdcmple
                0x0000000008001ca4                __aeabi_dcmpeq
                0x0000000008001cb8                __aeabi_dcmplt
                0x0000000008001ccc                __aeabi_dcmple
                0x0000000008001ce0                __aeabi_dcmpge
                0x0000000008001cf4                __aeabi_dcmpgt
 .text          0x0000000008001d08       0xa0 c:/users/александра/appdata/roaming/xpacks/@gnu-mcu-eclipse/arm-none-eabi-gcc/8.2.1-1.3.1/.content/bin/../lib/gcc/arm-none-eabi/8.2.1/thumb/v7-m/nofp\libgcc.a(_arm_truncdfsf2.o)
                0x0000000008001d08                __truncdfsf2
                0x0000000008001d08                __aeabi_d2f
 .text          0x0000000008001da8      0x21c c:/users/александра/appdata/roaming/xpacks/@gnu-mcu-eclipse/arm-none-eabi-gcc/8.2.1-1.3.1/.content/bin/../lib/gcc/arm-none-eabi/8.2.1/thumb/v7-m/nofp\libgcc.a(_arm_addsubsf3.o)
                0x0000000008001da8                __aeabi_frsub
                0x0000000008001db0                __subsf3
                0x0000000008001db0                __aeabi_fsub
                0x0000000008001db4                __aeabi_fadd
                0x0000000008001db4                __addsf3
                0x0000000008001f14                __aeabi_ui2f
                0x0000000008001f14                __floatunsisf
                0x0000000008001f1c                __aeabi_i2f
                0x0000000008001f1c                __floatsisf
                0x0000000008001f38                __aeabi_ul2f
                0x0000000008001f38                __floatundisf
                0x0000000008001f48                __aeabi_l2f
                0x0000000008001f48                __floatdisf
 .text          0x0000000008001fc4      0x2a0 c:/users/александра/appdata/roaming/xpacks/@gnu-mcu-eclipse/arm-none-eabi-gcc/8.2.1-1.3.1/.content/bin/../lib/gcc/arm-none-eabi/8.2.1/thumb/v7-m/nofp\libgcc.a(_arm_muldivsf3.o)
                0x0000000008001fc4                __mulsf3
                0x0000000008001fc4                __aeabi_fmul
                0x000000000800212c                __aeabi_fdiv
                0x000000000800212c                __divsf3
 .text.__errno  0x0000000008002264        0xc c:/users/александра/appdata/roaming/xpacks/@gnu-mcu-eclipse/arm-none-eabi-gcc/8.2.1-1.3.1/.content/bin/../lib/gcc/arm-none-eabi/8.2.1/../../../../arm-none-eabi/lib/thumb/v7-m/nofp\libg_nano.a(lib_a-errno.o)
                0x0000000008002264                __errno
 .text.__cvt    0x0000000008002270       0xba c:/users/александра/appdata/roaming/xpacks/@gnu-mcu-eclipse/arm-none-eabi-gcc/8.2.1-1.3.1/.content/bin/../lib/gcc/arm-none-eabi/8.2.1/../../../../arm-none-eabi/lib/thumb/v7-m/nofp\libg_nano.a(lib_a-nano-vfprintf_float.o)
                0x0000000008002270                __cvt
 .text.__exponent
                0x000000000800232a       0x66 c:/users/александра/appdata/roaming/xpacks/@gnu-mcu-eclipse/arm-none-eabi-gcc/8.2.1-1.3.1/.content/bin/../lib/gcc/arm-none-eabi/8.2.1/../../../../arm-none-eabi/lib/thumb/v7-m/nofp\libg_nano.a(lib_a-nano-vfprintf_float.o)
                0x000000000800232a                __exponent
 .text._printf_float
                0x0000000008002390      0x444 c:/users/александра/appdata/roaming/xpacks/@gnu-mcu-eclipse/arm-none-eabi-gcc/8.2.1-1.3.1/.content/bin/../lib/gcc/arm-none-eabi/8.2.1/../../../../arm-none-eabi/lib/thumb/v7-m/nofp\libg_nano.a(lib_a-nano-vfprintf_float.o)
                0x0000000008002390                _printf_float
 .text._printf_common
                0x00000000080027d4       0xec c:/users/александра/appdata/roaming/xpacks/@gnu-mcu-eclipse/arm-none-eabi-gcc/8.2.1-1.3.1/.content/bin/../lib/gcc/arm-none-eabi/8.2.1/../../../../arm-none-eabi/lib/thumb/v7-m/nofp\libg_nano.a(lib_a-nano-vfprintf_i.o)
                0x00000000080027d4                _printf_common
 .text._printf_i
                0x00000000080028c0      0x22c c:/users/александра/appdata/roaming/xpacks/@gnu-mcu-eclipse/arm-none-eabi-gcc/8.2.1-1.3.1/.content/bin/../lib/gcc/arm-none-eabi/8.2.1/../../../../arm-none-eabi/lib/thumb/v7-m/nofp\libg_nano.a(lib_a-nano-vfprintf_i.o)
                0x00000000080028c0                _printf_i
 .text.sprintf  0x0000000008002aec       0x40 c:/users/александра/appdata/roaming/xpacks/@gnu-mcu-eclipse/arm-none-eabi-gcc/8.2.1-1.3.1/.content/bin/../lib/gcc/arm-none-eabi/8.2.1/../../../../arm-none-eabi/lib/thumb/v7-m/nofp\libg_nano.a(lib_a-sprintf.o)
                0x0000000008002aec                siprintf
                0x0000000008002aec                sprintf
 .text          0x0000000008002b2c       0x10 c:/users/александра/appdata/roaming/xpacks/@gnu-mcu-eclipse/arm-none-eabi-gcc/8.2.1-1.3.1/.content/bin/../lib/gcc/arm-none-eabi/8.2.1/../../../../arm-none-eabi/lib/thumb/v7-m/nofp\libg_nano.a(lib_a-strlen.o)
                0x0000000008002b2c                strlen
 .text._vsnprintf_r
                0x0000000008002b3c       0x58 c:/users/александра/appdata/roaming/xpacks/@gnu-mcu-eclipse/arm-none-eabi-gcc/8.2.1-1.3.1/.content/bin/../lib/gcc/arm-none-eabi/8.2.1/../../../../arm-none-eabi/lib/thumb/v7-m/nofp\libg_nano.a(lib_a-vsnprintf.o)
                0x0000000008002b3c                _vsniprintf_r
                0x0000000008002b3c                _vsnprintf_r
 .text.vsnprintf
                0x0000000008002b94       0x1c c:/users/александра/appdata/roaming/xpacks/@gnu-mcu-eclipse/arm-none-eabi-gcc/8.2.1-1.3.1/.content/bin/../lib/gcc/arm-none-eabi/8.2.1/../../../../arm-none-eabi/lib/thumb/v7-m/nofp\libg_nano.a(lib_a-vsnprintf.o)
                0x0000000008002b94                vsniprintf
                0x0000000008002b94                vsnprintf
 .text.quorem   0x0000000008002bb0      0x118 c:/users/александра/appdata/roaming/xpacks/@gnu-mcu-eclipse/arm-none-eabi-gcc/8.2.1-1.3.1/.content/bin/../lib/gcc/arm-none-eabi/8.2.1/../../../../arm-none-eabi/lib/thumb/v7-m/nofp\libg_nano.a(lib_a-dtoa.o)
 .text._dtoa_r  0x0000000008002cc8      0xb60 c:/users/александра/appdata/roaming/xpacks/@gnu-mcu-eclipse/arm-none-eabi-gcc/8.2.1-1.3.1/.content/bin/../lib/gcc/arm-none-eabi/8.2.1/../../../../arm-none-eabi/lib/thumb/v7-m/nofp\libg_nano.a(lib_a-dtoa.o)
                0x0000000008002cc8                _dtoa_r
 .text._localeconv_r
                0x0000000008003828        0x8 c:/users/александра/appdata/roaming/xpacks/@gnu-mcu-eclipse/arm-none-eabi-gcc/8.2.1-1.3.1/.content/bin/../lib/gcc/arm-none-eabi/8.2.1/../../../../arm-none-eabi/lib/thumb/v7-m/nofp\libg_nano.a(lib_a-localeconv.o)
                0x0000000008003828                _localeconv_r
 .text.malloc   0x0000000008003830       0x10 c:/users/александра/appdata/roaming/xpacks/@gnu-mcu-eclipse/arm-none-eabi-gcc/8.2.1-1.3.1/.content/bin/../lib/gcc/arm-none-eabi/8.2.1/../../../../arm-none-eabi/lib/thumb/v7-m/nofp\libg_nano.a(lib_a-malloc.o)
                0x0000000008003830                malloc
 .text.memchr   0x0000000008003840       0x1c c:/users/александра/appdata/roaming/xpacks/@gnu-mcu-eclipse/arm-none-eabi-gcc/8.2.1-1.3.1/.content/bin/../lib/gcc/arm-none-eabi/8.2.1/../../../../arm-none-eabi/lib/thumb/v7-m/nofp\libg_nano.a(lib_a-memchr-stub.o)
                0x0000000008003840                memchr
 .text.memcpy   0x000000000800385c       0x1c c:/users/александра/appdata/roaming/xpacks/@gnu-mcu-eclipse/arm-none-eabi-gcc/8.2.1-1.3.1/.content/bin/../lib/gcc/arm-none-eabi/8.2.1/../../../../arm-none-eabi/lib/thumb/v7-m/nofp\libg_nano.a(lib_a-memcpy-stub.o)
                0x000000000800385c                memcpy
 .text._Balloc  0x0000000008003878       0x68 c:/users/александра/appdata/roaming/xpacks/@gnu-mcu-eclipse/arm-none-eabi-gcc/8.2.1-1.3.1/.content/bin/../lib/gcc/arm-none-eabi/8.2.1/../../../../arm-none-eabi/lib/thumb/v7-m/nofp\libg_nano.a(lib_a-mprec.o)
                0x0000000008003878                _Balloc
 .text._Bfree   0x00000000080038e0       0x2e c:/users/александра/appdata/roaming/xpacks/@gnu-mcu-eclipse/arm-none-eabi-gcc/8.2.1-1.3.1/.content/bin/../lib/gcc/arm-none-eabi/8.2.1/../../../../arm-none-eabi/lib/thumb/v7-m/nofp\libg_nano.a(lib_a-mprec.o)
                0x00000000080038e0                _Bfree
 .text.__multadd
                0x000000000800390e       0x76 c:/users/александра/appdata/roaming/xpacks/@gnu-mcu-eclipse/arm-none-eabi-gcc/8.2.1-1.3.1/.content/bin/../lib/gcc/arm-none-eabi/8.2.1/../../../../arm-none-eabi/lib/thumb/v7-m/nofp\libg_nano.a(lib_a-mprec.o)
                0x000000000800390e                __multadd
 .text.__hi0bits
                0x0000000008003984       0x40 c:/users/александра/appdata/roaming/xpacks/@gnu-mcu-eclipse/arm-none-eabi-gcc/8.2.1-1.3.1/.content/bin/../lib/gcc/arm-none-eabi/8.2.1/../../../../arm-none-eabi/lib/thumb/v7-m/nofp\libg_nano.a(lib_a-mprec.o)
                0x0000000008003984                __hi0bits
 .text.__lo0bits
                0x00000000080039c4       0x60 c:/users/александра/appdata/roaming/xpacks/@gnu-mcu-eclipse/arm-none-eabi-gcc/8.2.1-1.3.1/.content/bin/../lib/gcc/arm-none-eabi/8.2.1/../../../../arm-none-eabi/lib/thumb/v7-m/nofp\libg_nano.a(lib_a-mprec.o)
                0x00000000080039c4                __lo0bits
 .text.__i2b    0x0000000008003a24       0x12 c:/users/александра/appdata/roaming/xpacks/@gnu-mcu-eclipse/arm-none-eabi-gcc/8.2.1-1.3.1/.content/bin/../lib/gcc/arm-none-eabi/8.2.1/../../../../arm-none-eabi/lib/thumb/v7-m/nofp\libg_nano.a(lib_a-mprec.o)
                0x0000000008003a24                __i2b
 .text.__multiply
                0x0000000008003a36      0x11e c:/users/александра/appdata/roaming/xpacks/@gnu-mcu-eclipse/arm-none-eabi-gcc/8.2.1-1.3.1/.content/bin/../lib/gcc/arm-none-eabi/8.2.1/../../../../arm-none-eabi/lib/thumb/v7-m/nofp\libg_nano.a(lib_a-mprec.o)
                0x0000000008003a36                __multiply
 .text.__pow5mult
                0x0000000008003b54       0x9c c:/users/александра/appdata/roaming/xpacks/@gnu-mcu-eclipse/arm-none-eabi-gcc/8.2.1-1.3.1/.content/bin/../lib/gcc/arm-none-eabi/8.2.1/../../../../arm-none-eabi/lib/thumb/v7-m/nofp\libg_nano.a(lib_a-mprec.o)
                0x0000000008003b54                __pow5mult
 .text.__lshift
                0x0000000008003bf0       0xa6 c:/users/александра/appdata/roaming/xpacks/@gnu-mcu-eclipse/arm-none-eabi-gcc/8.2.1-1.3.1/.content/bin/../lib/gcc/arm-none-eabi/8.2.1/../../../../arm-none-eabi/lib/thumb/v7-m/nofp\libg_nano.a(lib_a-mprec.o)
                0x0000000008003bf0                __lshift
 .text.__mcmp   0x0000000008003c96       0x34 c:/users/александра/appdata/roaming/xpacks/@gnu-mcu-eclipse/arm-none-eabi-gcc/8.2.1-1.3.1/.content/bin/../lib/gcc/arm-none-eabi/8.2.1/../../../../arm-none-eabi/lib/thumb/v7-m/nofp\libg_nano.a(lib_a-mprec.o)
                0x0000000008003c96                __mcmp
 .text.__mdiff  0x0000000008003cca       0xbc c:/users/александра/appdata/roaming/xpacks/@gnu-mcu-eclipse/arm-none-eabi-gcc/8.2.1-1.3.1/.content/bin/../lib/gcc/arm-none-eabi/8.2.1/../../../../arm-none-eabi/lib/thumb/v7-m/nofp\libg_nano.a(lib_a-mprec.o)
                0x0000000008003cca                __mdiff
 .text.__d2b    0x0000000008003d86       0x9c c:/users/александра/appdata/roaming/xpacks/@gnu-mcu-eclipse/arm-none-eabi-gcc/8.2.1-1.3.1/.content/bin/../lib/gcc/arm-none-eabi/8.2.1/../../../../arm-none-eabi/lib/thumb/v7-m/nofp\libg_nano.a(lib_a-mprec.o)
                0x0000000008003d86                __d2b
 .text._calloc_r
                0x0000000008003e22       0x1c c:/users/александра/appdata/roaming/xpacks/@gnu-mcu-eclipse/arm-none-eabi-gcc/8.2.1-1.3.1/.content/bin/../lib/gcc/arm-none-eabi/8.2.1/../../../../arm-none-eabi/lib/thumb/v7-m/nofp\libg_nano.a(lib_a-nano-callocr.o)
                0x0000000008003e22                _calloc_r
 *fill*         0x0000000008003e3e        0x2 
 .text._free_r  0x0000000008003e40       0x98 c:/users/александра/appdata/roaming/xpacks/@gnu-mcu-eclipse/arm-none-eabi-gcc/8.2.1-1.3.1/.content/bin/../lib/gcc/arm-none-eabi/8.2.1/../../../../arm-none-eabi/lib/thumb/v7-m/nofp\libg_nano.a(lib_a-nano-freer.o)
                0x0000000008003e40                _free_r
 .text._malloc_r
                0x0000000008003ed8       0xb4 c:/users/александра/appdata/roaming/xpacks/@gnu-mcu-eclipse/arm-none-eabi-gcc/8.2.1-1.3.1/.content/bin/../lib/gcc/arm-none-eabi/8.2.1/../../../../arm-none-eabi/lib/thumb/v7-m/nofp\libg_nano.a(lib_a-nano-mallocr.o)
                0x0000000008003ed8                _malloc_r
 .text.__ssputs_r
                0x0000000008003f8c       0xb6 c:/users/александра/appdata/roaming/xpacks/@gnu-mcu-eclipse/arm-none-eabi-gcc/8.2.1-1.3.1/.content/bin/../lib/gcc/arm-none-eabi/8.2.1/../../../../arm-none-eabi/lib/thumb/v7-m/nofp\libg_nano.a(lib_a-nano-svfprintf.o)
                0x0000000008003f8c                __ssputs_r
 *fill*         0x0000000008004042        0x2 
 .text._svfprintf_r
                0x0000000008004044      0x1f0 c:/users/александра/appdata/roaming/xpacks/@gnu-mcu-eclipse/arm-none-eabi-gcc/8.2.1-1.3.1/.content/bin/../lib/gcc/arm-none-eabi/8.2.1/../../../../arm-none-eabi/lib/thumb/v7-m/nofp\libg_nano.a(lib_a-nano-svfprintf.o)
                0x0000000008004044                _svfiprintf_r
                0x0000000008004044                _svfprintf_r
 .text._sbrk_r  0x0000000008004234       0x20 c:/users/александра/appdata/roaming/xpacks/@gnu-mcu-eclipse/arm-none-eabi-gcc/8.2.1-1.3.1/.content/bin/../lib/gcc/arm-none-eabi/8.2.1/../../../../arm-none-eabi/lib/thumb/v7-m/nofp\libg_nano.a(lib_a-sbrkr.o)
                0x0000000008004234                _sbrk_r
 .text.__ascii_mbtowc
                0x0000000008004254       0x24 c:/users/александра/appdata/roaming/xpacks/@gnu-mcu-eclipse/arm-none-eabi-gcc/8.2.1-1.3.1/.content/bin/../lib/gcc/arm-none-eabi/8.2.1/../../../../arm-none-eabi/lib/thumb/v7-m/nofp\libg_nano.a(lib_a-mbtowc_r.o)
                0x0000000008004254                __ascii_mbtowc
 .text.memmove  0x0000000008004278       0x34 c:/users/александра/appdata/roaming/xpacks/@gnu-mcu-eclipse/arm-none-eabi-gcc/8.2.1-1.3.1/.content/bin/../lib/gcc/arm-none-eabi/8.2.1/../../../../arm-none-eabi/lib/thumb/v7-m/nofp\libg_nano.a(lib_a-memmove.o)
                0x0000000008004278                memmove
 .text.memset   0x00000000080042ac       0x10 c:/users/александра/appdata/roaming/xpacks/@gnu-mcu-eclipse/arm-none-eabi-gcc/8.2.1-1.3.1/.content/bin/../lib/gcc/arm-none-eabi/8.2.1/../../../../arm-none-eabi/lib/thumb/v7-m/nofp\libg_nano.a(lib_a-memset.o)
                0x00000000080042ac                memset
 .text.__malloc_lock
                0x00000000080042bc        0xc c:/users/александра/appdata/roaming/xpacks/@gnu-mcu-eclipse/arm-none-eabi-gcc/8.2.1-1.3.1/.content/bin/../lib/gcc/arm-none-eabi/8.2.1/../../../../arm-none-eabi/lib/thumb/v7-m/nofp\libg_nano.a(lib_a-mlock.o)
                0x00000000080042bc                __malloc_lock
 .text.__malloc_unlock
                0x00000000080042c8        0xc c:/users/александра/appdata/roaming/xpacks/@gnu-mcu-eclipse/arm-none-eabi-gcc/8.2.1-1.3.1/.content/bin/../lib/gcc/arm-none-eabi/8.2.1/../../../../arm-none-eabi/lib/thumb/v7-m/nofp\libg_nano.a(lib_a-mlock.o)
                0x00000000080042c8                __malloc_unlock
 .text._realloc_r
                0x00000000080042d4       0x4c c:/users/александра/appdata/roaming/xpacks/@gnu-mcu-eclipse/arm-none-eabi-gcc/8.2.1-1.3.1/.content/bin/../lib/gcc/arm-none-eabi/8.2.1/../../../../arm-none-eabi/lib/thumb/v7-m/nofp\libg_nano.a(lib_a-nano-reallocr.o)
                0x00000000080042d4                _realloc_r
 .text.__ascii_wctomb
                0x0000000008004320       0x1a c:/users/александра/appdata/roaming/xpacks/@gnu-mcu-eclipse/arm-none-eabi-gcc/8.2.1-1.3.1/.content/bin/../lib/gcc/arm-none-eabi/8.2.1/../../../../arm-none-eabi/lib/thumb/v7-m/nofp\libg_nano.a(lib_a-wctomb_r.o)
                0x0000000008004320                __ascii_wctomb
 .text.__retarget_lock_acquire_recursive
                0x000000000800433a        0x2 c:/users/александра/appdata/roaming/xpacks/@gnu-mcu-eclipse/arm-none-eabi-gcc/8.2.1-1.3.1/.content/bin/../lib/gcc/arm-none-eabi/8.2.1/../../../../arm-none-eabi/lib/thumb/v7-m/nofp\libg_nano.a(lib_a-lock.o)
                0x000000000800433a                __retarget_lock_acquire_recursive
 .text.__retarget_lock_release_recursive
                0x000000000800433c        0x2 c:/users/александра/appdata/roaming/xpacks/@gnu-mcu-eclipse/arm-none-eabi-gcc/8.2.1-1.3.1/.content/bin/../lib/gcc/arm-none-eabi/8.2.1/../../../../arm-none-eabi/lib/thumb/v7-m/nofp\libg_nano.a(lib_a-lock.o)
                0x000000000800433c                __retarget_lock_release_recursive
 .text._malloc_usable_size_r
                0x000000000800433e       0x10 c:/users/александра/appdata/roaming/xpacks/@gnu-mcu-eclipse/arm-none-eabi-gcc/8.2.1-1.3.1/.content/bin/../lib/gcc/arm-none-eabi/8.2.1/../../../../arm-none-eabi/lib/thumb/v7-m/nofp\libg_nano.a(lib_a-nano-msizer.o)
                0x000000000800433e                _malloc_usable_size_r
 *fill*         0x000000000800434e        0x2 
 .text          0x0000000008004350       0x2c c:/users/александра/appdata/roaming/xpacks/@gnu-mcu-eclipse/arm-none-eabi-gcc/8.2.1-1.3.1/.content/bin/../lib/gcc/arm-none-eabi/8.2.1/thumb/v7-m/nofp\libgcc.a(_arm_unorddf2.o)
                0x0000000008004350                __unorddf2
                0x0000000008004350                __aeabi_dcmpun
 .text          0x000000000800437c       0x50 c:/users/александра/appdata/roaming/xpacks/@gnu-mcu-eclipse/arm-none-eabi-gcc/8.2.1-1.3.1/.content/bin/../lib/gcc/arm-none-eabi/8.2.1/thumb/v7-m/nofp\libgcc.a(_arm_fixdfsi.o)
                0x000000000800437c                __aeabi_d2iz
                0x000000000800437c                __fixdfsi
 *(.rodata .rodata.* .constdata .constdata.*)
 .rodata.ADC_DeInit.str1.4
                0x00000000080043cc       0x30 ./system/src/stm32f1-stdperiph/stm32f10x_adc.o
 .rodata.GPIO_DeInit.str1.4
                0x00000000080043fc       0x31 ./system/src/stm32f1-stdperiph/stm32f10x_gpio.o
 *fill*         0x000000000800442d        0x3 
 .rodata.RCC_HSEConfig.str1.4
                0x0000000008004430       0x30 ./system/src/stm32f1-stdperiph/stm32f10x_rcc.o
 .rodata.USART_DeInit.str1.4
                0x0000000008004460       0x32 ./system/src/stm32f1-stdperiph/stm32f10x_usart.o
 *fill*         0x0000000008004492        0x2 
 .rodata.abort.str1.4
                0x0000000008004494       0x14 ./system/src/newlib/_exit.o
 .rodata.assert_failed.str1.4
                0x00000000080044a8       0x2b ./system/src/newlib/assert.o
 .rodata.trace_puts.str1.4
                0x00000000080044d3       0x2b ./system/src/diag/Trace.o
                                          0x2 (size before relaxing)
 *fill*         0x00000000080044d3        0x1 
 .rodata.dumpExceptionStack.str1.4
                0x00000000080044d4      0x11a ./system/src/cortexm/exception_handlers.o
 *fill*         0x00000000080045ee        0x2 
 .rodata.str1.4
                0x00000000080045f0       0x2a ./system/src/cortexm/exception_handlers.o
 *fill*         0x000000000800461a        0x2 
 .rodata.main.str1.4
                0x000000000800461c       0x10 ./src/main.o
                                          0xf (size before relaxing)
 .rodata._printf_float.str1.1
                0x000000000800462c       0x12 c:/users/александра/appdata/roaming/xpacks/@gnu-mcu-eclipse/arm-none-eabi-gcc/8.2.1-1.3.1/.content/bin/../lib/gcc/arm-none-eabi/8.2.1/../../../../arm-none-eabi/lib/thumb/v7-m/nofp\libg_nano.a(lib_a-nano-vfprintf_float.o)
 .rodata._printf_i.str1.1
                0x000000000800463e       0x22 c:/users/александра/appdata/roaming/xpacks/@gnu-mcu-eclipse/arm-none-eabi-gcc/8.2.1-1.3.1/.content/bin/../lib/gcc/arm-none-eabi/8.2.1/../../../../arm-none-eabi/lib/thumb/v7-m/nofp\libg_nano.a(lib_a-nano-vfprintf_i.o)
 .rodata._dtoa_r.str1.1
                0x0000000008004660        0xd c:/users/александра/appdata/roaming/xpacks/@gnu-mcu-eclipse/arm-none-eabi-gcc/8.2.1-1.3.1/.content/bin/../lib/gcc/arm-none-eabi/8.2.1/../../../../arm-none-eabi/lib/thumb/v7-m/nofp\libg_nano.a(lib_a-dtoa.o)
                                          0xf (size before relaxing)
 *fill*         0x000000000800466d        0x3 
 .rodata.__mprec_bigtens
                0x0000000008004670       0x28 c:/users/александра/appdata/roaming/xpacks/@gnu-mcu-eclipse/arm-none-eabi-gcc/8.2.1-1.3.1/.content/bin/../lib/gcc/arm-none-eabi/8.2.1/../../../../arm-none-eabi/lib/thumb/v7-m/nofp\libg_nano.a(lib_a-mprec.o)
                0x0000000008004670                __mprec_bigtens
 .rodata.__mprec_tens
                0x0000000008004698       0xc8 c:/users/александра/appdata/roaming/xpacks/@gnu-mcu-eclipse/arm-none-eabi-gcc/8.2.1-1.3.1/.content/bin/../lib/gcc/arm-none-eabi/8.2.1/../../../../arm-none-eabi/lib/thumb/v7-m/nofp\libg_nano.a(lib_a-mprec.o)
                0x0000000008004698                __mprec_tens
 .rodata.p05.6147
                0x0000000008004760        0xc c:/users/александра/appdata/roaming/xpacks/@gnu-mcu-eclipse/arm-none-eabi-gcc/8.2.1-1.3.1/.content/bin/../lib/gcc/arm-none-eabi/8.2.1/../../../../arm-none-eabi/lib/thumb/v7-m/nofp\libg_nano.a(lib_a-mprec.o)
 .rodata._svfprintf_r.str1.1
                0x000000000800476c       0x11 c:/users/александра/appdata/roaming/xpacks/@gnu-mcu-eclipse/arm-none-eabi-gcc/8.2.1-1.3.1/.content/bin/../lib/gcc/arm-none-eabi/8.2.1/../../../../arm-none-eabi/lib/thumb/v7-m/nofp\libg_nano.a(lib_a-nano-svfprintf.o)
 .rodata._setlocale_r.str1.1
                0x000000000800477d        0x8 c:/users/александра/appdata/roaming/xpacks/@gnu-mcu-eclipse/arm-none-eabi-gcc/8.2.1-1.3.1/.content/bin/../lib/gcc/arm-none-eabi/8.2.1/../../../../arm-none-eabi/lib/thumb/v7-m/nofp\libg_nano.a(lib_a-locale.o)
                                          0x9 (size before relaxing)
 .rodata.str1.1
                0x0000000008004785        0x2 c:/users/александра/appdata/roaming/xpacks/@gnu-mcu-eclipse/arm-none-eabi-gcc/8.2.1-1.3.1/.content/bin/../lib/gcc/arm-none-eabi/8.2.1/../../../../arm-none-eabi/lib/thumb/v7-m/nofp\libg_nano.a(lib_a-locale.o)
 .rodata._ctype_
                0x0000000008004787      0x101 c:/users/александра/appdata/roaming/xpacks/@gnu-mcu-eclipse/arm-none-eabi-gcc/8.2.1-1.3.1/.content/bin/../lib/gcc/arm-none-eabi/8.2.1/../../../../arm-none-eabi/lib/thumb/v7-m/nofp\libg_nano.a(lib_a-ctype_.o)
                0x0000000008004787                _ctype_
 *(vtable)
 *(.eh_frame*)
 *(.glue_7)
 .glue_7        0x0000000008004888        0x0 linker stubs
 *(.glue_7t)
 .glue_7t       0x0000000008004888        0x0 linker stubs

.vfp11_veneer   0x0000000008004888        0x0
 .vfp11_veneer  0x0000000008004888        0x0 linker stubs

.v4_bx          0x0000000008004888        0x0
 .v4_bx         0x0000000008004888        0x0 linker stubs

.iplt           0x0000000008004888        0x0
 .iplt          0x0000000008004888        0x0 ./system/src/stm32f1-stdperiph/stm32f10x_adc.o

.rel.dyn        0x0000000008004888        0x0
 .rel.iplt      0x0000000008004888        0x0 ./system/src/stm32f1-stdperiph/stm32f10x_adc.o

.ARM.extab
 *(.ARM.extab* .gnu.linkonce.armextab.*)
                0x0000000008004888                . = ALIGN (0x4)
                0x0000000008004888                __exidx_start = .

.ARM.exidx
 *(.ARM.exidx* .gnu.linkonce.armexidx.*)
                0x0000000008004888                __exidx_end = .
                0x0000000008004888                . = ALIGN (0x4)
                0x0000000008004888                _etext = .
                0x0000000008004888                __etext = .

.data_CCMRAM    0x0000000000000000        0x0 load address 0x0000000008004888
 FILL mask 0xff
 *(.data.CCMRAM .data.CCMRAM.*)
                0x0000000000000000                . = ALIGN (0x4)
                0x0000000008004888                _sidata = LOADADDR (.data)

.data           0x0000000020000000      0x208 load address 0x0000000008004888
 FILL mask 0xff
                0x0000000020000000                _sdata = .
                0x0000000020000000                __data_start__ = .
 *(.data_begin .data_begin.*)
 .data_begin    0x0000000020000000        0x4 ./system/src/newlib/_startup.o
 *(.data .data.*)
 .data.ADCPrescTable
                0x0000000020000004        0x4 ./system/src/stm32f1-stdperiph/stm32f10x_rcc.o
 .data.APBAHBPrescTable
                0x0000000020000008       0x10 ./system/src/stm32f1-stdperiph/stm32f10x_rcc.o
 .data.argv.4374
                0x0000000020000018        0x8 ./system/src/newlib/_syscalls.o
 .data.AHBPrescTable
                0x0000000020000020       0x10 ./system/src/cmsis/system_stm32f10x.o
                0x0000000020000020                AHBPrescTable
 .data.SystemCoreClock
                0x0000000020000030        0x4 ./system/src/cmsis/system_stm32f10x.o
                0x0000000020000030                SystemCoreClock
 .data._impure_ptr
                0x0000000020000034        0x4 c:/users/александра/appdata/roaming/xpacks/@gnu-mcu-eclipse/arm-none-eabi-gcc/8.2.1-1.3.1/.content/bin/../lib/gcc/arm-none-eabi/8.2.1/../../../../arm-none-eabi/lib/thumb/v7-m/nofp\libg_nano.a(lib_a-impure.o)
                0x0000000020000034                _impure_ptr
 .data.impure_data
                0x0000000020000038       0x60 c:/users/александра/appdata/roaming/xpacks/@gnu-mcu-eclipse/arm-none-eabi-gcc/8.2.1-1.3.1/.content/bin/../lib/gcc/arm-none-eabi/8.2.1/../../../../arm-none-eabi/lib/thumb/v7-m/nofp\libg_nano.a(lib_a-impure.o)
 .data.__global_locale
                0x0000000020000098      0x16c c:/users/александра/appdata/roaming/xpacks/@gnu-mcu-eclipse/arm-none-eabi-gcc/8.2.1-1.3.1/.content/bin/../lib/gcc/arm-none-eabi/8.2.1/../../../../arm-none-eabi/lib/thumb/v7-m/nofp\libg_nano.a(lib_a-locale.o)
                0x0000000020000098                __global_locale
 *(.data_end .data_end.*)
 .data_end      0x0000000020000204        0x4 ./system/src/newlib/_startup.o
                0x0000000020000208                . = ALIGN (0x4)
                0x0000000020000208                _edata = .
                0x0000000020000208                __data_end__ = .

.igot.plt       0x0000000020000208        0x0 load address 0x0000000008004a90
 .igot.plt      0x0000000020000208        0x0 ./system/src/stm32f1-stdperiph/stm32f10x_adc.o

.bss_CCMRAM     0x0000000000000000        0x0
 *(.bss.CCMRAM .bss.CCMRAM.*)

.bss            0x0000000020000208       0xcc
                0x0000000020000208                __bss_start__ = .
                0x0000000020000208                _sbss = .
 *(.bss_begin .bss_begin.*)
 .bss_begin     0x0000000020000208        0x4 ./system/src/newlib/_startup.o
 *(.bss .bss.*)
 .bss.current_heap_end.4004
                0x000000002000020c        0x4 ./system/src/newlib/_sbrk.o
 .bss.name.4373
                0x0000000020000210        0x1 ./system/src/newlib/_syscalls.o
 *fill*         0x0000000020000211        0x3 
 .bss.buf.5248  0x0000000020000214       0x80 ./system/src/diag/Trace.o
 .bss.buffer    0x0000000020000294       0x1e ./src/main.o
                0x0000000020000294                buffer
 *fill*         0x00000000200002b2        0x2 
 .bss.bufferSize
                0x00000000200002b4        0x4 ./src/main.o
                0x00000000200002b4                bufferSize
 .bss.__malloc_free_list
                0x00000000200002b8        0x4 c:/users/александра/appdata/roaming/xpacks/@gnu-mcu-eclipse/arm-none-eabi-gcc/8.2.1-1.3.1/.content/bin/../lib/gcc/arm-none-eabi/8.2.1/../../../../arm-none-eabi/lib/thumb/v7-m/nofp\libg_nano.a(lib_a-nano-mallocr.o)
                0x00000000200002b8                __malloc_free_list
 .bss.__malloc_sbrk_start
                0x00000000200002bc        0x4 c:/users/александра/appdata/roaming/xpacks/@gnu-mcu-eclipse/arm-none-eabi-gcc/8.2.1-1.3.1/.content/bin/../lib/gcc/arm-none-eabi/8.2.1/../../../../arm-none-eabi/lib/thumb/v7-m/nofp\libg_nano.a(lib_a-nano-mallocr.o)
                0x00000000200002bc                __malloc_sbrk_start
 *(COMMON)
 COMMON         0x00000000200002c0        0x4 ./system/src/newlib/_syscalls.o
                0x00000000200002c0                errno
 COMMON         0x00000000200002c4        0x9 c:/users/александра/appdata/roaming/xpacks/@gnu-mcu-eclipse/arm-none-eabi-gcc/8.2.1-1.3.1/.content/bin/../lib/gcc/arm-none-eabi/8.2.1/../../../../arm-none-eabi/lib/thumb/v7-m/nofp\libg_nano.a(lib_a-lock.o)
                0x00000000200002c4                __lock___atexit_recursive_mutex
                0x00000000200002c5                __lock___arc4random_mutex
                0x00000000200002c6                __lock___env_recursive_mutex
                0x00000000200002c7                __lock___sinit_recursive_mutex
                0x00000000200002c8                __lock___malloc_recursive_mutex
                0x00000000200002c9                __lock___at_quick_exit_mutex
                0x00000000200002ca                __lock___dd_hash_mutex
                0x00000000200002cb                __lock___tz_mutex
                0x00000000200002cc                __lock___sfp_recursive_mutex
 *(.bss_end .bss_end.*)
 *fill*         0x00000000200002cd        0x3 
 .bss_end       0x00000000200002d0        0x4 ./system/src/newlib/_startup.o
                0x00000000200002d4                . = ALIGN (0x4)
                0x00000000200002d4                __bss_end__ = .
                0x00000000200002d4                _ebss = .

.noinit_CCMRAM
 *(.noinit.CCMRAM .noinit.CCMRAM.*)

.noinit         0x00000000200002d4        0x0
                0x00000000200002d4                _noinit = .
 *(.noinit .noinit.*)
                0x00000000200002d4                . = ALIGN (0x4)
                0x00000000200002d4                _end_noinit = .
                [!provide]                        PROVIDE (end = _end_noinit)
                [!provide]                        PROVIDE (_end = _end_noinit)
                [!provide]                        PROVIDE (__end = _end_noinit)
                [!provide]                        PROVIDE (__end__ = _end_noinit)

._check_stack   0x00000000200002d4      0x100
                0x00000000200003d4                . = (. + _Minimum_Stack_Size)
 *fill*         0x00000000200002d4      0x100 

.b1text
 *(.b1text)
 *(.b1rodata)
 *(.b1rodata.*)

.eb0text
 *(.eb0text)
 *(.eb0rodata)
 *(.eb0rodata.*)

.eb1text
 *(.eb1text)
 *(.eb1rodata)
 *(.eb1rodata.*)

.eb2text
 *(.eb2text)
 *(.eb2rodata)
 *(.eb2rodata.*)

.eb3text
 *(.eb3text)
 *(.eb3rodata)
 *(.eb3rodata.*)

.stab
 *(.stab)

.stabstr
 *(.stabstr)

.stab.excl
 *(.stab.excl)

.stab.exclstr
 *(.stab.exclstr)

.stab.index
 *(.stab.index)

.stab.indexstr
 *(.stab.indexstr)

.comment        0x0000000000000000       0x68
 *(.comment)
 .comment       0x0000000000000000       0x68 ./system/src/stm32f1-stdperiph/stm32f10x_adc.o
                                         0x69 (size before relaxing)
 .comment       0x0000000000000068       0x69 ./system/src/stm32f1-stdperiph/stm32f10x_gpio.o
 .comment       0x0000000000000068       0x69 ./system/src/stm32f1-stdperiph/stm32f10x_rcc.o
 .comment       0x0000000000000068       0x69 ./system/src/stm32f1-stdperiph/stm32f10x_usart.o
 .comment       0x0000000000000068       0x69 ./system/src/newlib/_exit.o
 .comment       0x0000000000000068       0x69 ./system/src/newlib/_sbrk.o
 .comment       0x0000000000000068       0x69 ./system/src/newlib/_startup.o
 .comment       0x0000000000000068       0x69 ./system/src/newlib/_syscalls.o
 .comment       0x0000000000000068       0x69 ./system/src/newlib/assert.o
 .comment       0x0000000000000068       0x69 ./system/src/diag/Trace.o
 .comment       0x0000000000000068       0x69 ./system/src/diag/trace_impl.o
 .comment       0x0000000000000068       0x69 ./system/src/cortexm/_initialize_hardware.o
 .comment       0x0000000000000068       0x69 ./system/src/cortexm/exception_handlers.o
 .comment       0x0000000000000068       0x69 ./system/src/cmsis/system_stm32f10x.o
 .comment       0x0000000000000068       0x69 ./system/src/cmsis/vectors_stm32f10x.o
 .comment       0x0000000000000068       0x69 ./src/main.o

.ARM.attributes
                0x0000000000000000       0x2b
 .ARM.attributes
                0x0000000000000000       0x2d ./system/src/stm32f1-stdperiph/stm32f10x_adc.o
 .ARM.attributes
                0x000000000000002d       0x2d ./system/src/stm32f1-stdperiph/stm32f10x_gpio.o
 .ARM.attributes
                0x000000000000005a       0x2d ./system/src/stm32f1-stdperiph/stm32f10x_rcc.o
 .ARM.attributes
                0x0000000000000087       0x2d ./system/src/stm32f1-stdperiph/stm32f10x_usart.o
 .ARM.attributes
                0x00000000000000b4       0x2d ./system/src/newlib/_exit.o
 .ARM.attributes
                0x00000000000000e1       0x2d ./system/src/newlib/_sbrk.o
 .ARM.attributes
                0x000000000000010e       0x2d ./system/src/newlib/_startup.o
 .ARM.attributes
                0x000000000000013b       0x2d ./system/src/newlib/_syscalls.o
 .ARM.attributes
                0x0000000000000168       0x2d ./system/src/newlib/assert.o
 .ARM.attributes
                0x0000000000000195       0x2d ./system/src/diag/Trace.o
 .ARM.attributes
                0x00000000000001c2       0x2d ./system/src/diag/trace_impl.o
 .ARM.attributes
                0x00000000000001ef       0x2d ./system/src/cortexm/_initialize_hardware.o
 .ARM.attributes
                0x000000000000021c       0x2d ./system/src/cortexm/exception_handlers.o
 .ARM.attributes
                0x0000000000000249       0x2d ./system/src/cmsis/system_stm32f10x.o
 .ARM.attributes
                0x0000000000000276       0x2d ./system/src/cmsis/vectors_stm32f10x.o
 .ARM.attributes
                0x00000000000002a3       0x2d ./src/main.o
 .ARM.attributes
                0x00000000000002d0       0x1d c:/users/александра/appdata/roaming/xpacks/@gnu-mcu-eclipse/arm-none-eabi-gcc/8.2.1-1.3.1/.content/bin/../lib/gcc/arm-none-eabi/8.2.1/thumb/v7-m/nofp\libgcc.a(_arm_addsubdf3.o)
 .ARM.attributes
                0x00000000000002ed       0x1d c:/users/александра/appdata/roaming/xpacks/@gnu-mcu-eclipse/arm-none-eabi-gcc/8.2.1-1.3.1/.content/bin/../lib/gcc/arm-none-eabi/8.2.1/thumb/v7-m/nofp\libgcc.a(_arm_muldivdf3.o)
 .ARM.attributes
                0x000000000000030a       0x1d c:/users/александра/appdata/roaming/xpacks/@gnu-mcu-eclipse/arm-none-eabi-gcc/8.2.1-1.3.1/.content/bin/../lib/gcc/arm-none-eabi/8.2.1/thumb/v7-m/nofp\libgcc.a(_arm_cmpdf2.o)
 .ARM.attributes
                0x0000000000000327       0x1d c:/users/александра/appdata/roaming/xpacks/@gnu-mcu-eclipse/arm-none-eabi-gcc/8.2.1-1.3.1/.content/bin/../lib/gcc/arm-none-eabi/8.2.1/thumb/v7-m/nofp\libgcc.a(_arm_truncdfsf2.o)
 .ARM.attributes
                0x0000000000000344       0x1d c:/users/александра/appdata/roaming/xpacks/@gnu-mcu-eclipse/arm-none-eabi-gcc/8.2.1-1.3.1/.content/bin/../lib/gcc/arm-none-eabi/8.2.1/thumb/v7-m/nofp\libgcc.a(_arm_addsubsf3.o)
 .ARM.attributes
                0x0000000000000361       0x1d c:/users/александра/appdata/roaming/xpacks/@gnu-mcu-eclipse/arm-none-eabi-gcc/8.2.1-1.3.1/.content/bin/../lib/gcc/arm-none-eabi/8.2.1/thumb/v7-m/nofp\libgcc.a(_arm_muldivsf3.o)
 .ARM.attributes
                0x000000000000037e       0x2d c:/users/александра/appdata/roaming/xpacks/@gnu-mcu-eclipse/arm-none-eabi-gcc/8.2.1-1.3.1/.content/bin/../lib/gcc/arm-none-eabi/8.2.1/../../../../arm-none-eabi/lib/thumb/v7-m/nofp\libg_nano.a(lib_a-errno.o)
 .ARM.attributes
                0x00000000000003ab       0x2d c:/users/александра/appdata/roaming/xpacks/@gnu-mcu-eclipse/arm-none-eabi-gcc/8.2.1-1.3.1/.content/bin/../lib/gcc/arm-none-eabi/8.2.1/../../../../arm-none-eabi/lib/thumb/v7-m/nofp\libg_nano.a(lib_a-impure.o)
 .ARM.attributes
                0x00000000000003d8       0x2d c:/users/александра/appdata/roaming/xpacks/@gnu-mcu-eclipse/arm-none-eabi-gcc/8.2.1-1.3.1/.content/bin/../lib/gcc/arm-none-eabi/8.2.1/../../../../arm-none-eabi/lib/thumb/v7-m/nofp\libg_nano.a(lib_a-nano-vfprintf_float.o)
 .ARM.attributes
                0x0000000000000405       0x2d c:/users/александра/appdata/roaming/xpacks/@gnu-mcu-eclipse/arm-none-eabi-gcc/8.2.1-1.3.1/.content/bin/../lib/gcc/arm-none-eabi/8.2.1/../../../../arm-none-eabi/lib/thumb/v7-m/nofp\libg_nano.a(lib_a-nano-vfprintf_i.o)
 .ARM.attributes
                0x0000000000000432       0x2d c:/users/александра/appdata/roaming/xpacks/@gnu-mcu-eclipse/arm-none-eabi-gcc/8.2.1-1.3.1/.content/bin/../lib/gcc/arm-none-eabi/8.2.1/../../../../arm-none-eabi/lib/thumb/v7-m/nofp\libg_nano.a(lib_a-sprintf.o)
 .ARM.attributes
                0x000000000000045f       0x17 c:/users/александра/appdata/roaming/xpacks/@gnu-mcu-eclipse/arm-none-eabi-gcc/8.2.1-1.3.1/.content/bin/../lib/gcc/arm-none-eabi/8.2.1/../../../../arm-none-eabi/lib/thumb/v7-m/nofp\libg_nano.a(lib_a-strlen.o)
 .ARM.attributes
                0x0000000000000476       0x2d c:/users/александра/appdata/roaming/xpacks/@gnu-mcu-eclipse/arm-none-eabi-gcc/8.2.1-1.3.1/.content/bin/../lib/gcc/arm-none-eabi/8.2.1/../../../../arm-none-eabi/lib/thumb/v7-m/nofp\libg_nano.a(lib_a-vsnprintf.o)
 .ARM.attributes
                0x00000000000004a3       0x2d c:/users/александра/appdata/roaming/xpacks/@gnu-mcu-eclipse/arm-none-eabi-gcc/8.2.1-1.3.1/.content/bin/../lib/gcc/arm-none-eabi/8.2.1/../../../../arm-none-eabi/lib/thumb/v7-m/nofp\libg_nano.a(lib_a-dtoa.o)
 .ARM.attributes
                0x00000000000004d0       0x2d c:/users/александра/appdata/roaming/xpacks/@gnu-mcu-eclipse/arm-none-eabi-gcc/8.2.1-1.3.1/.content/bin/../lib/gcc/arm-none-eabi/8.2.1/../../../../arm-none-eabi/lib/thumb/v7-m/nofp\libg_nano.a(lib_a-localeconv.o)
 .ARM.attributes
                0x00000000000004fd       0x2d c:/users/александра/appdata/roaming/xpacks/@gnu-mcu-eclipse/arm-none-eabi-gcc/8.2.1-1.3.1/.content/bin/../lib/gcc/arm-none-eabi/8.2.1/../../../../arm-none-eabi/lib/thumb/v7-m/nofp\libg_nano.a(lib_a-malloc.o)
 .ARM.attributes
                0x000000000000052a       0x2d c:/users/александра/appdata/roaming/xpacks/@gnu-mcu-eclipse/arm-none-eabi-gcc/8.2.1-1.3.1/.content/bin/../lib/gcc/arm-none-eabi/8.2.1/../../../../arm-none-eabi/lib/thumb/v7-m/nofp\libg_nano.a(lib_a-memchr-stub.o)
 .ARM.attributes
                0x0000000000000557       0x2d c:/users/александра/appdata/roaming/xpacks/@gnu-mcu-eclipse/arm-none-eabi-gcc/8.2.1-1.3.1/.content/bin/../lib/gcc/arm-none-eabi/8.2.1/../../../../arm-none-eabi/lib/thumb/v7-m/nofp\libg_nano.a(lib_a-memcpy-stub.o)
 .ARM.attributes
                0x0000000000000584       0x2d c:/users/александра/appdata/roaming/xpacks/@gnu-mcu-eclipse/arm-none-eabi-gcc/8.2.1-1.3.1/.content/bin/../lib/gcc/arm-none-eabi/8.2.1/../../../../arm-none-eabi/lib/thumb/v7-m/nofp\libg_nano.a(lib_a-mprec.o)
 .ARM.attributes
                0x00000000000005b1       0x2d c:/users/александра/appdata/roaming/xpacks/@gnu-mcu-eclipse/arm-none-eabi-gcc/8.2.1-1.3.1/.content/bin/../lib/gcc/arm-none-eabi/8.2.1/../../../../arm-none-eabi/lib/thumb/v7-m/nofp\libg_nano.a(lib_a-nano-callocr.o)
 .ARM.attributes
                0x00000000000005de       0x2d c:/users/александра/appdata/roaming/xpacks/@gnu-mcu-eclipse/arm-none-eabi-gcc/8.2.1-1.3.1/.content/bin/../lib/gcc/arm-none-eabi/8.2.1/../../../../arm-none-eabi/lib/thumb/v7-m/nofp\libg_nano.a(lib_a-nano-freer.o)
 .ARM.attributes
                0x000000000000060b       0x2d c:/users/александра/appdata/roaming/xpacks/@gnu-mcu-eclipse/arm-none-eabi-gcc/8.2.1-1.3.1/.content/bin/../lib/gcc/arm-none-eabi/8.2.1/../../../../arm-none-eabi/lib/thumb/v7-m/nofp\libg_nano.a(lib_a-nano-mallocr.o)
 .ARM.attributes
                0x0000000000000638       0x2d c:/users/александра/appdata/roaming/xpacks/@gnu-mcu-eclipse/arm-none-eabi-gcc/8.2.1-1.3.1/.content/bin/../lib/gcc/arm-none-eabi/8.2.1/../../../../arm-none-eabi/lib/thumb/v7-m/nofp\libg_nano.a(lib_a-nano-svfprintf.o)
 .ARM.attributes
                0x0000000000000665       0x2d c:/users/александра/appdata/roaming/xpacks/@gnu-mcu-eclipse/arm-none-eabi-gcc/8.2.1-1.3.1/.content/bin/../lib/gcc/arm-none-eabi/8.2.1/../../../../arm-none-eabi/lib/thumb/v7-m/nofp\libg_nano.a(lib_a-sbrkr.o)
 .ARM.attributes
                0x0000000000000692       0x2d c:/users/александра/appdata/roaming/xpacks/@gnu-mcu-eclipse/arm-none-eabi-gcc/8.2.1-1.3.1/.content/bin/../lib/gcc/arm-none-eabi/8.2.1/../../../../arm-none-eabi/lib/thumb/v7-m/nofp\libg_nano.a(lib_a-locale.o)
 .ARM.attributes
                0x00000000000006bf       0x2d c:/users/александра/appdata/roaming/xpacks/@gnu-mcu-eclipse/arm-none-eabi-gcc/8.2.1-1.3.1/.content/bin/../lib/gcc/arm-none-eabi/8.2.1/../../../../arm-none-eabi/lib/thumb/v7-m/nofp\libg_nano.a(lib_a-mbtowc_r.o)
 .ARM.attributes
                0x00000000000006ec       0x2d c:/users/александра/appdata/roaming/xpacks/@gnu-mcu-eclipse/arm-none-eabi-gcc/8.2.1-1.3.1/.content/bin/../lib/gcc/arm-none-eabi/8.2.1/../../../../arm-none-eabi/lib/thumb/v7-m/nofp\libg_nano.a(lib_a-memmove.o)
 .ARM.attributes
                0x0000000000000719       0x2d c:/users/александра/appdata/roaming/xpacks/@gnu-mcu-eclipse/arm-none-eabi-gcc/8.2.1-1.3.1/.content/bin/../lib/gcc/arm-none-eabi/8.2.1/../../../../arm-none-eabi/lib/thumb/v7-m/nofp\libg_nano.a(lib_a-memset.o)
 .ARM.attributes
                0x0000000000000746       0x2d c:/users/александра/appdata/roaming/xpacks/@gnu-mcu-eclipse/arm-none-eabi-gcc/8.2.1-1.3.1/.content/bin/../lib/gcc/arm-none-eabi/8.2.1/../../../../arm-none-eabi/lib/thumb/v7-m/nofp\libg_nano.a(lib_a-mlock.o)
 .ARM.attributes
                0x0000000000000773       0x2d c:/users/александра/appdata/roaming/xpacks/@gnu-mcu-eclipse/arm-none-eabi-gcc/8.2.1-1.3.1/.content/bin/../lib/gcc/arm-none-eabi/8.2.1/../../../../arm-none-eabi/lib/thumb/v7-m/nofp\libg_nano.a(lib_a-nano-reallocr.o)
 .ARM.attributes
                0x00000000000007a0       0x2d c:/users/александра/appdata/roaming/xpacks/@gnu-mcu-eclipse/arm-none-eabi-gcc/8.2.1-1.3.1/.content/bin/../lib/gcc/arm-none-eabi/8.2.1/../../../../arm-none-eabi/lib/thumb/v7-m/nofp\libg_nano.a(lib_a-wctomb_r.o)
 .ARM.attributes
                0x00000000000007cd       0x2d c:/users/александра/appdata/roaming/xpacks/@gnu-mcu-eclipse/arm-none-eabi-gcc/8.2.1-1.3.1/.content/bin/../lib/gcc/arm-none-eabi/8.2.1/../../../../arm-none-eabi/lib/thumb/v7-m/nofp\libg_nano.a(lib_a-ctype_.o)
 .ARM.attributes
                0x00000000000007fa       0x2d c:/users/александра/appdata/roaming/xpacks/@gnu-mcu-eclipse/arm-none-eabi-gcc/8.2.1-1.3.1/.content/bin/../lib/gcc/arm-none-eabi/8.2.1/../../../../arm-none-eabi/lib/thumb/v7-m/nofp\libg_nano.a(lib_a-lock.o)
 .ARM.attributes
                0x0000000000000827       0x2d c:/users/александра/appdata/roaming/xpacks/@gnu-mcu-eclipse/arm-none-eabi-gcc/8.2.1-1.3.1/.content/bin/../lib/gcc/arm-none-eabi/8.2.1/../../../../arm-none-eabi/lib/thumb/v7-m/nofp\libg_nano.a(lib_a-nano-msizer.o)
 .ARM.attributes
                0x0000000000000854       0x1d c:/users/александра/appdata/roaming/xpacks/@gnu-mcu-eclipse/arm-none-eabi-gcc/8.2.1-1.3.1/.content/bin/../lib/gcc/arm-none-eabi/8.2.1/thumb/v7-m/nofp\libgcc.a(_arm_unorddf2.o)
 .ARM.attributes
                0x0000000000000871       0x1d c:/users/александра/appdata/roaming/xpacks/@gnu-mcu-eclipse/arm-none-eabi-gcc/8.2.1-1.3.1/.content/bin/../lib/gcc/arm-none-eabi/8.2.1/thumb/v7-m/nofp\libgcc.a(_arm_fixdfsi.o)

.debug
 *(.debug)

.line
 *(.line)

.debug_srcinfo
 *(.debug_srcinfo)

.debug_sfnames
 *(.debug_sfnames)

.debug_aranges  0x0000000000000000      0x688
 *(.debug_aranges)
 .debug_aranges
                0x0000000000000000      0x138 ./system/src/stm32f1-stdperiph/stm32f10x_adc.o
 .debug_aranges
                0x0000000000000138       0xa8 ./system/src/stm32f1-stdperiph/stm32f10x_gpio.o
 .debug_aranges
                0x00000000000001e0      0x118 ./system/src/stm32f1-stdperiph/stm32f10x_rcc.o
 .debug_aranges
                0x00000000000002f8      0x100 ./system/src/stm32f1-stdperiph/stm32f10x_usart.o
 .debug_aranges
                0x00000000000003f8       0x28 ./system/src/newlib/_exit.o
 .debug_aranges
                0x0000000000000420       0x20 ./system/src/newlib/_sbrk.o
 .debug_aranges
                0x0000000000000440       0x40 ./system/src/newlib/_startup.o
 .debug_aranges
                0x0000000000000480       0x30 ./system/src/newlib/_syscalls.o
 .debug_aranges
                0x00000000000004b0       0x28 ./system/src/newlib/assert.o
 .debug_aranges
                0x00000000000004d8       0x38 ./system/src/diag/Trace.o
 .debug_aranges
                0x0000000000000510       0x30 ./system/src/diag/trace_impl.o
 .debug_aranges
                0x0000000000000540       0x28 ./system/src/cortexm/_initialize_hardware.o
 .debug_aranges
                0x0000000000000568       0x90 ./system/src/cortexm/exception_handlers.o
 .debug_aranges
                0x00000000000005f8       0x38 ./system/src/cmsis/system_stm32f10x.o
 .debug_aranges
                0x0000000000000630       0x20 ./system/src/cmsis/vectors_stm32f10x.o
 .debug_aranges
                0x0000000000000650       0x38 ./src/main.o

.debug_pubnames
 *(.debug_pubnames)

.debug_info     0x0000000000000000     0xba88
 *(.debug_info .gnu.linkonce.wi.*)
 .debug_info    0x0000000000000000     0x1640 ./system/src/stm32f1-stdperiph/stm32f10x_adc.o
 .debug_info    0x0000000000001640      0xce4 ./system/src/stm32f1-stdperiph/stm32f10x_gpio.o
 .debug_info    0x0000000000002324      0xdbb ./system/src/stm32f1-stdperiph/stm32f10x_rcc.o
 .debug_info    0x00000000000030df     0x1439 ./system/src/stm32f1-stdperiph/stm32f10x_usart.o
 .debug_info    0x0000000000004518      0x9e7 ./system/src/newlib/_exit.o
 .debug_info    0x0000000000004eff      0x9d4 ./system/src/newlib/_sbrk.o
 .debug_info    0x00000000000058d3      0x4ce ./system/src/newlib/_startup.o
 .debug_info    0x0000000000005da1      0xab9 ./system/src/newlib/_syscalls.o
 .debug_info    0x000000000000685a      0xaaa ./system/src/newlib/assert.o
 .debug_info    0x0000000000007304      0xbdb ./system/src/diag/Trace.o
 .debug_info    0x0000000000007edf      0x3be ./system/src/diag/trace_impl.o
 .debug_info    0x000000000000829d      0x2d6 ./system/src/cortexm/_initialize_hardware.o
 .debug_info    0x0000000000008573     0x127b ./system/src/cortexm/exception_handlers.o
 .debug_info    0x00000000000097ee      0x4e0 ./system/src/cmsis/system_stm32f10x.o
 .debug_info    0x0000000000009cce       0xce ./system/src/cmsis/vectors_stm32f10x.o
 .debug_info    0x0000000000009d9c     0x1cec ./src/main.o

.debug_abbrev   0x0000000000000000     0x237b
 *(.debug_abbrev)
 .debug_abbrev  0x0000000000000000      0x225 ./system/src/stm32f1-stdperiph/stm32f10x_adc.o
 .debug_abbrev  0x0000000000000225      0x24b ./system/src/stm32f1-stdperiph/stm32f10x_gpio.o
 .debug_abbrev  0x0000000000000470      0x240 ./system/src/stm32f1-stdperiph/stm32f10x_rcc.o
 .debug_abbrev  0x00000000000006b0      0x218 ./system/src/stm32f1-stdperiph/stm32f10x_usart.o
 .debug_abbrev  0x00000000000008c8      0x222 ./system/src/newlib/_exit.o
 .debug_abbrev  0x0000000000000aea      0x232 ./system/src/newlib/_sbrk.o
 .debug_abbrev  0x0000000000000d1c      0x1d7 ./system/src/newlib/_startup.o
 .debug_abbrev  0x0000000000000ef3      0x26d ./system/src/newlib/_syscalls.o
 .debug_abbrev  0x0000000000001160      0x222 ./system/src/newlib/assert.o
 .debug_abbrev  0x0000000000001382      0x2c6 ./system/src/diag/Trace.o
 .debug_abbrev  0x0000000000001648      0x221 ./system/src/diag/trace_impl.o
 .debug_abbrev  0x0000000000001869       0xfc ./system/src/cortexm/_initialize_hardware.o
 .debug_abbrev  0x0000000000001965      0x372 ./system/src/cortexm/exception_handlers.o
 .debug_abbrev  0x0000000000001cd7      0x19d ./system/src/cmsis/system_stm32f10x.o
 .debug_abbrev  0x0000000000001e74       0xa5 ./system/src/cmsis/vectors_stm32f10x.o
 .debug_abbrev  0x0000000000001f19      0x462 ./src/main.o

.debug_line     0x0000000000000000     0x823a
 *(.debug_line)
 .debug_line    0x0000000000000000     0x1258 ./system/src/stm32f1-stdperiph/stm32f10x_adc.o
 .debug_line    0x0000000000001258      0xd16 ./system/src/stm32f1-stdperiph/stm32f10x_gpio.o
 .debug_line    0x0000000000001f6e      0xdf4 ./system/src/stm32f1-stdperiph/stm32f10x_rcc.o
 .debug_line    0x0000000000002d62     0x1122 ./system/src/stm32f1-stdperiph/stm32f10x_usart.o
 .debug_line    0x0000000000003e84      0x416 ./system/src/newlib/_exit.o
 .debug_line    0x000000000000429a      0x407 ./system/src/newlib/_sbrk.o
 .debug_line    0x00000000000046a1      0x628 ./system/src/newlib/_startup.o
 .debug_line    0x0000000000004cc9      0x519 ./system/src/newlib/_syscalls.o
 .debug_line    0x00000000000051e2      0x459 ./system/src/newlib/assert.o
 .debug_line    0x000000000000563b      0x4f2 ./system/src/diag/Trace.o
 .debug_line    0x0000000000005b2d      0x76a ./system/src/diag/trace_impl.o
 .debug_line    0x0000000000006297      0x3b2 ./system/src/cortexm/_initialize_hardware.o
 .debug_line    0x0000000000006649      0x957 ./system/src/cortexm/exception_handlers.o
 .debug_line    0x0000000000006fa0      0x5bd ./system/src/cmsis/system_stm32f10x.o
 .debug_line    0x000000000000755d      0x13d ./system/src/cmsis/vectors_stm32f10x.o
 .debug_line    0x000000000000769a      0xba0 ./src/main.o

.debug_frame    0x0000000000000000     0x1ca4
 *(.debug_frame)
 .debug_frame   0x0000000000000000      0x3dc ./system/src/stm32f1-stdperiph/stm32f10x_adc.o
 .debug_frame   0x00000000000003dc      0x1e8 ./system/src/stm32f1-stdperiph/stm32f10x_gpio.o
 .debug_frame   0x00000000000005c4      0x320 ./system/src/stm32f1-stdperiph/stm32f10x_rcc.o
 .debug_frame   0x00000000000008e4      0x320 ./system/src/stm32f1-stdperiph/stm32f10x_usart.o
 .debug_frame   0x0000000000000c04       0x38 ./system/src/newlib/_exit.o
 .debug_frame   0x0000000000000c3c       0x28 ./system/src/newlib/_sbrk.o
 .debug_frame   0x0000000000000c64       0x7c ./system/src/newlib/_startup.o
 .debug_frame   0x0000000000000ce0       0x50 ./system/src/newlib/_syscalls.o
 .debug_frame   0x0000000000000d30       0x40 ./system/src/newlib/assert.o
 .debug_frame   0x0000000000000d70       0x94 ./system/src/diag/Trace.o
 .debug_frame   0x0000000000000e04       0x64 ./system/src/diag/trace_impl.o
 .debug_frame   0x0000000000000e68       0x40 ./system/src/cortexm/_initialize_hardware.o
 .debug_frame   0x0000000000000ea8      0x158 ./system/src/cortexm/exception_handlers.o
 .debug_frame   0x0000000000001000       0x6c ./system/src/cmsis/system_stm32f10x.o
 .debug_frame   0x000000000000106c       0x20 ./system/src/cmsis/vectors_stm32f10x.o
 .debug_frame   0x000000000000108c       0x8c ./src/main.o
 .debug_frame   0x0000000000001118       0xac c:/users/александра/appdata/roaming/xpacks/@gnu-mcu-eclipse/arm-none-eabi-gcc/8.2.1-1.3.1/.content/bin/../lib/gcc/arm-none-eabi/8.2.1/thumb/v7-m/nofp\libgcc.a(_arm_addsubdf3.o)
 .debug_frame   0x00000000000011c4       0x50 c:/users/александра/appdata/roaming/xpacks/@gnu-mcu-eclipse/arm-none-eabi-gcc/8.2.1-1.3.1/.content/bin/../lib/gcc/arm-none-eabi/8.2.1/thumb/v7-m/nofp\libgcc.a(_arm_muldivdf3.o)
 .debug_frame   0x0000000000001214       0xc4 c:/users/александра/appdata/roaming/xpacks/@gnu-mcu-eclipse/arm-none-eabi-gcc/8.2.1-1.3.1/.content/bin/../lib/gcc/arm-none-eabi/8.2.1/thumb/v7-m/nofp\libgcc.a(_arm_cmpdf2.o)
 .debug_frame   0x00000000000012d8       0x24 c:/users/александра/appdata/roaming/xpacks/@gnu-mcu-eclipse/arm-none-eabi-gcc/8.2.1-1.3.1/.content/bin/../lib/gcc/arm-none-eabi/8.2.1/thumb/v7-m/nofp\libgcc.a(_arm_truncdfsf2.o)
 .debug_frame   0x00000000000012fc       0x4c c:/users/александра/appdata/roaming/xpacks/@gnu-mcu-eclipse/arm-none-eabi-gcc/8.2.1-1.3.1/.content/bin/../lib/gcc/arm-none-eabi/8.2.1/thumb/v7-m/nofp\libgcc.a(_arm_addsubsf3.o)
 .debug_frame   0x0000000000001348       0x38 c:/users/александра/appdata/roaming/xpacks/@gnu-mcu-eclipse/arm-none-eabi-gcc/8.2.1-1.3.1/.content/bin/../lib/gcc/arm-none-eabi/8.2.1/thumb/v7-m/nofp\libgcc.a(_arm_muldivsf3.o)
 .debug_frame   0x0000000000001380       0x20 c:/users/александра/appdata/roaming/xpacks/@gnu-mcu-eclipse/arm-none-eabi-gcc/8.2.1-1.3.1/.content/bin/../lib/gcc/arm-none-eabi/8.2.1/../../../../arm-none-eabi/lib/thumb/v7-m/nofp\libg_nano.a(lib_a-errno.o)
 .debug_frame   0x00000000000013a0       0x94 c:/users/александра/appdata/roaming/xpacks/@gnu-mcu-eclipse/arm-none-eabi-gcc/8.2.1-1.3.1/.content/bin/../lib/gcc/arm-none-eabi/8.2.1/../../../../arm-none-eabi/lib/thumb/v7-m/nofp\libg_nano.a(lib_a-nano-vfprintf_float.o)
 .debug_frame   0x0000000000001434       0x60 c:/users/александра/appdata/roaming/xpacks/@gnu-mcu-eclipse/arm-none-eabi-gcc/8.2.1-1.3.1/.content/bin/../lib/gcc/arm-none-eabi/8.2.1/../../../../arm-none-eabi/lib/thumb/v7-m/nofp\libg_nano.a(lib_a-nano-vfprintf_i.o)
 .debug_frame   0x0000000000001494       0x6c c:/users/александра/appdata/roaming/xpacks/@gnu-mcu-eclipse/arm-none-eabi-gcc/8.2.1-1.3.1/.content/bin/../lib/gcc/arm-none-eabi/8.2.1/../../../../arm-none-eabi/lib/thumb/v7-m/nofp\libg_nano.a(lib_a-sprintf.o)
 .debug_frame   0x0000000000001500       0x4c c:/users/александра/appdata/roaming/xpacks/@gnu-mcu-eclipse/arm-none-eabi-gcc/8.2.1-1.3.1/.content/bin/../lib/gcc/arm-none-eabi/8.2.1/../../../../arm-none-eabi/lib/thumb/v7-m/nofp\libg_nano.a(lib_a-vsnprintf.o)
 .debug_frame   0x000000000000154c       0x6c c:/users/александра/appdata/roaming/xpacks/@gnu-mcu-eclipse/arm-none-eabi-gcc/8.2.1-1.3.1/.content/bin/../lib/gcc/arm-none-eabi/8.2.1/../../../../arm-none-eabi/lib/thumb/v7-m/nofp\libg_nano.a(lib_a-dtoa.o)
 .debug_frame   0x00000000000015b8       0x40 c:/users/александра/appdata/roaming/xpacks/@gnu-mcu-eclipse/arm-none-eabi-gcc/8.2.1-1.3.1/.content/bin/../lib/gcc/arm-none-eabi/8.2.1/../../../../arm-none-eabi/lib/thumb/v7-m/nofp\libg_nano.a(lib_a-localeconv.o)
 .debug_frame   0x00000000000015f8       0x30 c:/users/александра/appdata/roaming/xpacks/@gnu-mcu-eclipse/arm-none-eabi-gcc/8.2.1-1.3.1/.content/bin/../lib/gcc/arm-none-eabi/8.2.1/../../../../arm-none-eabi/lib/thumb/v7-m/nofp\libg_nano.a(lib_a-malloc.o)
 .debug_frame   0x0000000000001628       0x28 c:/users/александра/appdata/roaming/xpacks/@gnu-mcu-eclipse/arm-none-eabi-gcc/8.2.1-1.3.1/.content/bin/../lib/gcc/arm-none-eabi/8.2.1/../../../../arm-none-eabi/lib/thumb/v7-m/nofp\libg_nano.a(lib_a-memchr-stub.o)
 .debug_frame   0x0000000000001650       0x28 c:/users/александра/appdata/roaming/xpacks/@gnu-mcu-eclipse/arm-none-eabi-gcc/8.2.1-1.3.1/.content/bin/../lib/gcc/arm-none-eabi/8.2.1/../../../../arm-none-eabi/lib/thumb/v7-m/nofp\libg_nano.a(lib_a-memcpy-stub.o)
 .debug_frame   0x0000000000001678      0x248 c:/users/александра/appdata/roaming/xpacks/@gnu-mcu-eclipse/arm-none-eabi-gcc/8.2.1-1.3.1/.content/bin/../lib/gcc/arm-none-eabi/8.2.1/../../../../arm-none-eabi/lib/thumb/v7-m/nofp\libg_nano.a(lib_a-mprec.o)
 .debug_frame   0x00000000000018c0       0x2c c:/users/александра/appdata/roaming/xpacks/@gnu-mcu-eclipse/arm-none-eabi-gcc/8.2.1-1.3.1/.content/bin/../lib/gcc/arm-none-eabi/8.2.1/../../../../arm-none-eabi/lib/thumb/v7-m/nofp\libg_nano.a(lib_a-nano-callocr.o)
 .debug_frame   0x00000000000018ec       0x38 c:/users/александра/appdata/roaming/xpacks/@gnu-mcu-eclipse/arm-none-eabi-gcc/8.2.1-1.3.1/.content/bin/../lib/gcc/arm-none-eabi/8.2.1/../../../../arm-none-eabi/lib/thumb/v7-m/nofp\libg_nano.a(lib_a-nano-freer.o)
 .debug_frame   0x0000000000001924       0x30 c:/users/александра/appdata/roaming/xpacks/@gnu-mcu-eclipse/arm-none-eabi-gcc/8.2.1-1.3.1/.content/bin/../lib/gcc/arm-none-eabi/8.2.1/../../../../arm-none-eabi/lib/thumb/v7-m/nofp\libg_nano.a(lib_a-nano-mallocr.o)
 .debug_frame   0x0000000000001954       0x90 c:/users/александра/appdata/roaming/xpacks/@gnu-mcu-eclipse/arm-none-eabi-gcc/8.2.1-1.3.1/.content/bin/../lib/gcc/arm-none-eabi/8.2.1/../../../../arm-none-eabi/lib/thumb/v7-m/nofp\libg_nano.a(lib_a-nano-svfprintf.o)
 .debug_frame   0x00000000000019e4       0x2c c:/users/александра/appdata/roaming/xpacks/@gnu-mcu-eclipse/arm-none-eabi-gcc/8.2.1-1.3.1/.content/bin/../lib/gcc/arm-none-eabi/8.2.1/../../../../arm-none-eabi/lib/thumb/v7-m/nofp\libg_nano.a(lib_a-sbrkr.o)
 .debug_frame   0x0000000000001a10       0x48 c:/users/александра/appdata/roaming/xpacks/@gnu-mcu-eclipse/arm-none-eabi-gcc/8.2.1-1.3.1/.content/bin/../lib/gcc/arm-none-eabi/8.2.1/../../../../arm-none-eabi/lib/thumb/v7-m/nofp\libg_nano.a(lib_a-locale.o)
 .debug_frame   0x0000000000001a58       0x48 c:/users/александра/appdata/roaming/xpacks/@gnu-mcu-eclipse/arm-none-eabi-gcc/8.2.1-1.3.1/.content/bin/../lib/gcc/arm-none-eabi/8.2.1/../../../../arm-none-eabi/lib/thumb/v7-m/nofp\libg_nano.a(lib_a-mbtowc_r.o)
 .debug_frame   0x0000000000001aa0       0x28 c:/users/александра/appdata/roaming/xpacks/@gnu-mcu-eclipse/arm-none-eabi-gcc/8.2.1-1.3.1/.content/bin/../lib/gcc/arm-none-eabi/8.2.1/../../../../arm-none-eabi/lib/thumb/v7-m/nofp\libg_nano.a(lib_a-memmove.o)
 .debug_frame   0x0000000000001ac8       0x20 c:/users/александра/appdata/roaming/xpacks/@gnu-mcu-eclipse/arm-none-eabi-gcc/8.2.1-1.3.1/.content/bin/../lib/gcc/arm-none-eabi/8.2.1/../../../../arm-none-eabi/lib/thumb/v7-m/nofp\libg_nano.a(lib_a-memset.o)
 .debug_frame   0x0000000000001ae8       0x30 c:/users/александра/appdata/roaming/xpacks/@gnu-mcu-eclipse/arm-none-eabi-gcc/8.2.1-1.3.1/.content/bin/../lib/gcc/arm-none-eabi/8.2.1/../../../../arm-none-eabi/lib/thumb/v7-m/nofp\libg_nano.a(lib_a-mlock.o)
 .debug_frame   0x0000000000001b18       0x3c c:/users/александра/appdata/roaming/xpacks/@gnu-mcu-eclipse/arm-none-eabi-gcc/8.2.1-1.3.1/.content/bin/../lib/gcc/arm-none-eabi/8.2.1/../../../../arm-none-eabi/lib/thumb/v7-m/nofp\libg_nano.a(lib_a-nano-reallocr.o)
 .debug_frame   0x0000000000001b54       0x3c c:/users/александра/appdata/roaming/xpacks/@gnu-mcu-eclipse/arm-none-eabi-gcc/8.2.1-1.3.1/.content/bin/../lib/gcc/arm-none-eabi/8.2.1/../../../../arm-none-eabi/lib/thumb/v7-m/nofp\libg_nano.a(lib_a-wctomb_r.o)
 .debug_frame   0x0000000000001b90       0xb0 c:/users/александра/appdata/roaming/xpacks/@gnu-mcu-eclipse/arm-none-eabi-gcc/8.2.1-1.3.1/.content/bin/../lib/gcc/arm-none-eabi/8.2.1/../../../../arm-none-eabi/lib/thumb/v7-m/nofp\libg_nano.a(lib_a-lock.o)
 .debug_frame   0x0000000000001c40       0x20 c:/users/александра/appdata/roaming/xpacks/@gnu-mcu-eclipse/arm-none-eabi-gcc/8.2.1-1.3.1/.content/bin/../lib/gcc/arm-none-eabi/8.2.1/../../../../arm-none-eabi/lib/thumb/v7-m/nofp\libg_nano.a(lib_a-nano-msizer.o)
 .debug_frame   0x0000000000001c60       0x20 c:/users/александра/appdata/roaming/xpacks/@gnu-mcu-eclipse/arm-none-eabi-gcc/8.2.1-1.3.1/.content/bin/../lib/gcc/arm-none-eabi/8.2.1/thumb/v7-m/nofp\libgcc.a(_arm_unorddf2.o)
 .debug_frame   0x0000000000001c80       0x24 c:/users/александра/appdata/roaming/xpacks/@gnu-mcu-eclipse/arm-none-eabi-gcc/8.2.1-1.3.1/.content/bin/../lib/gcc/arm-none-eabi/8.2.1/thumb/v7-m/nofp\libgcc.a(_arm_fixdfsi.o)

.debug_str      0x0000000000000000    0x59ec5
 *(.debug_str)
 .debug_str     0x0000000000000000    0x4f1fb ./system/src/stm32f1-stdperiph/stm32f10x_adc.o
                                      0x4f3e3 (size before relaxing)
 .debug_str     0x000000000004f1fb      0x575 ./system/src/stm32f1-stdperiph/stm32f10x_gpio.o
                                      0x4ee07 (size before relaxing)
 .debug_str     0x000000000004f770      0xb3e ./system/src/stm32f1-stdperiph/stm32f10x_rcc.o
                                      0x4f3d6 (size before relaxing)
 .debug_str     0x00000000000502ae      0x80d ./system/src/stm32f1-stdperiph/stm32f10x_usart.o
                                      0x4f140 (size before relaxing)
 .debug_str     0x0000000000050abb     0x4ef3 ./system/src/newlib/_exit.o
                                       0x7eaf (size before relaxing)
 .debug_str     0x00000000000559ae      0x4ed ./system/src/newlib/_sbrk.o
                                       0x7261 (size before relaxing)
 .debug_str     0x0000000000055e9b      0x260 ./system/src/newlib/_startup.o
                                       0x699c (size before relaxing)
 .debug_str     0x00000000000560fb      0xdef ./system/src/newlib/_syscalls.o
                                       0x80ad (size before relaxing)
 .debug_str     0x0000000000056eea       0xd0 ./system/src/newlib/assert.o
                                       0x89b4 (size before relaxing)
 .debug_str     0x0000000000056fba      0x819 ./system/src/diag/Trace.o
                                       0x8627 (size before relaxing)
 .debug_str     0x00000000000577d3      0x37b ./system/src/diag/trace_impl.o
                                      0x52a0d (size before relaxing)
 .debug_str     0x0000000000057b4e       0xb2 ./system/src/cortexm/_initialize_hardware.o
                                      0x4e8f1 (size before relaxing)
 .debug_str     0x0000000000057c00      0x19d ./system/src/cortexm/exception_handlers.o
                                      0x53c32 (size before relaxing)
 .debug_str     0x0000000000057d9d       0x96 ./system/src/cmsis/system_stm32f10x.o
                                      0x4e98b (size before relaxing)
 .debug_str     0x0000000000057e33       0x57 ./system/src/cmsis/vectors_stm32f10x.o
                                       0x3930 (size before relaxing)
 .debug_str     0x0000000000057e8a     0x203b ./src/main.o
                                      0x55fdb (size before relaxing)

.debug_loc      0x0000000000000000     0x44f5
 *(.debug_loc)
 .debug_loc     0x0000000000000000     0x108b ./system/src/stm32f1-stdperiph/stm32f10x_adc.o
 .debug_loc     0x000000000000108b      0x9f6 ./system/src/stm32f1-stdperiph/stm32f10x_gpio.o
 .debug_loc     0x0000000000001a81      0xd2e ./system/src/stm32f1-stdperiph/stm32f10x_rcc.o
 .debug_loc     0x00000000000027af      0xdc3 ./system/src/stm32f1-stdperiph/stm32f10x_usart.o
 .debug_loc     0x0000000000003572       0x15 ./system/src/newlib/_exit.o
 .debug_loc     0x0000000000003587       0x97 ./system/src/newlib/_sbrk.o
 .debug_loc     0x000000000000361e      0x2a6 ./system/src/newlib/_startup.o
 .debug_loc     0x00000000000038c4       0x6f ./system/src/newlib/_syscalls.o
 .debug_loc     0x0000000000003933      0x160 ./system/src/newlib/assert.o
 .debug_loc     0x0000000000003a93      0x118 ./system/src/diag/Trace.o
 .debug_loc     0x0000000000003bab      0x1a1 ./system/src/diag/trace_impl.o
 .debug_loc     0x0000000000003d4c      0x35c ./system/src/cortexm/exception_handlers.o
 .debug_loc     0x00000000000040a8       0xff ./system/src/cmsis/system_stm32f10x.o
 .debug_loc     0x00000000000041a7      0x34e ./src/main.o

.debug_macinfo
 *(.debug_macinfo)

.debug_weaknames
 *(.debug_weaknames)

.debug_funcnames
 *(.debug_funcnames)

.debug_typenames
 *(.debug_typenames)

.debug_varnames
 *(.debug_varnames)
OUTPUT(adc-test.elf elf32-littlearm)

.debug_ranges   0x0000000000000000      0x5d0
 .debug_ranges  0x0000000000000000      0x128 ./system/src/stm32f1-stdperiph/stm32f10x_adc.o
 .debug_ranges  0x0000000000000128       0x98 ./system/src/stm32f1-stdperiph/stm32f10x_gpio.o
 .debug_ranges  0x00000000000001c0      0x108 ./system/src/stm32f1-stdperiph/stm32f10x_rcc.o
 .debug_ranges  0x00000000000002c8       0xf0 ./system/src/stm32f1-stdperiph/stm32f10x_usart.o
 .debug_ranges  0x00000000000003b8       0x18 ./system/src/newlib/_exit.o
 .debug_ranges  0x00000000000003d0       0x10 ./system/src/newlib/_sbrk.o
 .debug_ranges  0x00000000000003e0       0x48 ./system/src/newlib/_startup.o
 .debug_ranges  0x0000000000000428       0x20 ./system/src/newlib/_syscalls.o
 .debug_ranges  0x0000000000000448       0x18 ./system/src/newlib/assert.o
 .debug_ranges  0x0000000000000460       0x28 ./system/src/diag/Trace.o
 .debug_ranges  0x0000000000000488       0x38 ./system/src/diag/trace_impl.o
 .debug_ranges  0x00000000000004c0       0x18 ./system/src/cortexm/_initialize_hardware.o
 .debug_ranges  0x00000000000004d8       0x98 ./system/src/cortexm/exception_handlers.o
 .debug_ranges  0x0000000000000570       0x28 ./system/src/cmsis/system_stm32f10x.o
 .debug_ranges  0x0000000000000598       0x10 ./system/src/cmsis/vectors_stm32f10x.o
 .debug_ranges  0x00000000000005a8       0x28 ./src/main.o

.debug_macro    0x0000000000000000     0x4c53
 .debug_macro   0x0000000000000000      0x269 ./system/src/stm32f1-stdperiph/stm32f10x_adc.o
 .debug_macro   0x0000000000000269      0x13e ./system/src/stm32f1-stdperiph/stm32f10x_adc.o
 .debug_macro   0x00000000000003a7       0x8b ./system/src/stm32f1-stdperiph/stm32f10x_adc.o
 .debug_macro   0x0000000000000432      0x1b9 ./system/src/stm32f1-stdperiph/stm32f10x_gpio.o
 .debug_macro   0x00000000000005eb      0x2a6 ./system/src/stm32f1-stdperiph/stm32f10x_gpio.o
 .debug_macro   0x0000000000000891      0x287 ./system/src/stm32f1-stdperiph/stm32f10x_rcc.o
 .debug_macro   0x0000000000000b18      0x3dc ./system/src/stm32f1-stdperiph/stm32f10x_rcc.o
 .debug_macro   0x0000000000000ef4      0x21f ./system/src/stm32f1-stdperiph/stm32f10x_usart.o
 .debug_macro   0x0000000000001113      0x21c ./system/src/stm32f1-stdperiph/stm32f10x_usart.o
 .debug_macro   0x000000000000132f      0x1b4 ./system/src/newlib/_exit.o
 .debug_macro   0x00000000000014e3       0x34 ./system/src/newlib/_exit.o
 .debug_macro   0x0000000000001517      0x10e ./system/src/newlib/_exit.o
 .debug_macro   0x0000000000001625       0x8d ./system/src/newlib/_exit.o
 .debug_macro   0x00000000000016b2       0x43 ./system/src/newlib/_exit.o
 .debug_macro   0x00000000000016f5      0x339 ./system/src/newlib/_exit.o
 .debug_macro   0x0000000000001a2e       0x35 ./system/src/newlib/_exit.o
 .debug_macro   0x0000000000001a63      0x169 ./system/src/newlib/_sbrk.o
 .debug_macro   0x0000000000001bcc      0x174 ./system/src/newlib/_sbrk.o
 .debug_macro   0x0000000000001d40       0x10 ./system/src/newlib/_sbrk.o
 .debug_macro   0x0000000000001d50      0x23b ./system/src/newlib/_sbrk.o
 .debug_macro   0x0000000000001f8b      0x173 ./system/src/newlib/_startup.o
 .debug_macro   0x00000000000020fe      0x1f3 ./system/src/newlib/_syscalls.o
 .debug_macro   0x00000000000022f1       0x1c ./system/src/newlib/_syscalls.o
 .debug_macro   0x000000000000230d       0x10 ./system/src/newlib/_syscalls.o
 .debug_macro   0x000000000000231d       0x10 ./system/src/newlib/_syscalls.o
 .debug_macro   0x000000000000232d       0x10 ./system/src/newlib/_syscalls.o
 .debug_macro   0x000000000000233d       0x35 ./system/src/newlib/_syscalls.o
 .debug_macro   0x0000000000002372      0x122 ./system/src/newlib/_syscalls.o
 .debug_macro   0x0000000000002494       0x88 ./system/src/newlib/_syscalls.o
 .debug_macro   0x000000000000251c      0x10c ./system/src/newlib/_syscalls.o
 .debug_macro   0x0000000000002628      0x189 ./system/src/newlib/_syscalls.o
 .debug_macro   0x00000000000027b1       0x16 ./system/src/newlib/_syscalls.o
 .debug_macro   0x00000000000027c7      0x1d0 ./system/src/newlib/assert.o
 .debug_macro   0x0000000000002997       0x1c ./system/src/newlib/assert.o
 .debug_macro   0x00000000000029b3      0x1fb ./system/src/diag/Trace.o
 .debug_macro   0x0000000000002bae       0x16 ./system/src/diag/Trace.o
 .debug_macro   0x0000000000002bc4       0x97 ./system/src/diag/Trace.o
 .debug_macro   0x0000000000002c5b       0xfd ./system/src/diag/Trace.o
 .debug_macro   0x0000000000002d58       0x10 ./system/src/diag/Trace.o
 .debug_macro   0x0000000000002d68       0x16 ./system/src/diag/Trace.o
 .debug_macro   0x0000000000002d7e      0x16f ./system/src/diag/Trace.o
 .debug_macro   0x0000000000002eed       0x4c ./system/src/diag/Trace.o
 .debug_macro   0x0000000000002f39       0x16 ./system/src/diag/Trace.o
 .debug_macro   0x0000000000002f4f      0x2da ./system/src/diag/trace_impl.o
 .debug_macro   0x0000000000003229       0x10 ./system/src/diag/trace_impl.o
 .debug_macro   0x0000000000003239       0xcf ./system/src/diag/trace_impl.o
 .debug_macro   0x0000000000003308       0xbe ./system/src/diag/trace_impl.o
 .debug_macro   0x00000000000033c6       0x22 ./system/src/diag/trace_impl.o
 .debug_macro   0x00000000000033e8      0x16b ./system/src/cortexm/_initialize_hardware.o
 .debug_macro   0x0000000000003553      0x324 ./system/src/cortexm/exception_handlers.o
 .debug_macro   0x0000000000003877       0x3b ./system/src/cortexm/exception_handlers.o
 .debug_macro   0x00000000000038b2       0x10 ./system/src/cortexm/exception_handlers.o
 .debug_macro   0x00000000000038c2      0x16e ./system/src/cmsis/system_stm32f10x.o
 .debug_macro   0x0000000000003a30       0x34 ./system/src/cmsis/vectors_stm32f10x.o
 .debug_macro   0x0000000000003a64      0x38f ./src/main.o
 .debug_macro   0x0000000000003df3       0x97 ./src/main.o
 .debug_macro   0x0000000000003e8a      0x104 ./src/main.o
 .debug_macro   0x0000000000003f8e      0x137 ./src/main.o
 .debug_macro   0x00000000000040c5      0xb8e ./src/main.o
